Starting: Intent { cmp=com.ora.ora/.MainActivity }
Warning: Activity not started, intent has been delivered to currently running top-most instance.
UI hierchary dumped to: /sdcard/fin.xml
/sdcard/fin.xml: 1 file pulled, 0 skipped. 1.6 MB/s (5764 bytes in 0.003s)
Starting: Intent { cmp=com.ora.ora/.MainActivity }
Warning: Activity not started, intent has been delivered to currently running top-most instance.
UI hierchary dumped to: /sdcard/fin.xml
/sdcard/fin.xml: 1 file pulled, 0 skipped. 0.9 MB/s (5764 bytes in 0.006s)
UI hierchary dumped to: /sdcard/fin.xml
/sdcard/fin.xml: 1 file pulled, 0 skipped. 2.1 MB/s (5748 bytes in 0.003s)
UI hierchary dumped to: /sdcard/fin.xml
/sdcard/fin.xml: 1 file pulled, 0 skipped. 0.6 MB/s (5775 bytes in 0.009s)
UI hierchary dumped to: /sdcard/fin.xml
/sdcard/fin.xml: 1 file pulled, 0 skipped. 1.4 MB/s (5775 bytes in 0.004s)
UI hierchary dumped to: /sdcard/fin.xml
/sdcard/fin.xml: 1 file pulled, 0 skipped. 1.5 MB/s (5775 bytes in 0.004s)
UI hierchary dumped to: /sdcard/fin.xml
/sdcard/fin.xml: 1 file pulled, 0 skipped. 2.3 MB/s (5775 bytes in 0.002s)
UI hierchary dumped to: /sdcard/fin.xml
/sdcard/fin.xml: 1 file pulled, 0 skipped. 2.3 MB/s (5775 bytes in 0.002s)
Starting: Intent { cmp=com.ora.ora/.MainActivity }
Warning: Activity not started, intent has been delivered to currently running top-most instance.
UI hierchary dumped to: /sdcard/fin.xml
/sdcard/fin.xml: 1 file pulled, 0 skipped. 2.9 MB/s (5775 bytes in 0.002s)
UI hierchary dumped to: /sdcard/fin.xml
/sdcard/fin.xml: 1 file pulled, 0 skipped. 0.3 MB/s (4977 bytes in 0.017s)
UI hierchary dumped to: /sdcard/fin.xml
/sdcard/fin.xml: 1 file pulled, 0 skipped. 3.7 MB/s (12484 bytes in 0.003s)
Starting: Intent { cmp=com.ora.ora/.MainActivity }
Warning: Activity not started, intent has been delivered to currently running top-most instance.
UI hierchary dumped to: /sdcard/fin.xml
/sdcard/fin.xml: 1 file pulled, 0 skipped. 4.2 MB/s (12484 bytes in 0.003s)
UI hierchary dumped to: /sdcard/fin.xml
/sdcard/fin.xml: 1 file pulled, 0 skipped. 4.8 MB/s (12484 bytes in 0.002s)
Starting: Intent { cmp=com.ora.ora/.MainActivity }
Warning: Activity not started, intent has been delivered to currently running top-most instance.
UI hierchary dumped to: /sdcard/fin.xml
/sdcard/fin.xml: 1 file pulled, 0 skipped. 5.9 MB/s (12484 bytes in 0.002s)
UI hierchary dumped to: /sdcard/fin.xml
/sdcard/fin.xml: 1 file pulled, 0 skipped. 5.2 MB/s (11631 bytes in 0.002s)
UI hierchary dumped to: /sdcard/fin.xml
/sdcard/fin.xml: 1 file pulled, 0 skipped. 2.9 MB/s (5796 bytes in 0.002s)
Starting: Intent { cmp=com.ora.ora/.MainActivity }
Warning: Activity not started, intent has been delivered to currently running top-most instance.
UI hierchary dumped to: /sdcard/fin.xml
/sdcard/fin.xml: 1 file pulled, 0 skipped. 3.2 MB/s (5796 bytes in 0.002s)
UI hierchary dumped to: /sdcard/fin.xml
/sdcard/fin.xml: 1 file pulled, 0 skipped. 2.4 MB/s (5796 bytes in 0.002s)
UI hierchary dumped to: /sdcard/fin.xml
/sdcard/fin.xml: 1 file pulled, 0 skipped. 3.1 MB/s (5796 bytes in 0.002s)
UI hierchary dumped to: /sdcard/fin.xml
/sdcard/fin.xml: 1 file pulled, 0 skipped. 2.6 MB/s (5796 bytes in 0.002s)
Starting: Intent { cmp=com.ora.ora/.MainActivity }
Warning: Activity not started, intent has been delivered to currently running top-most instance.
UI hierchary dumped to: /sdcard/fin.xml
/sdcard/fin.xml: 1 file pulled, 0 skipped. 3.5 MB/s (5796 bytes in 0.002s)
UI hierchary dumped to: /sdcard/fin.xml
/sdcard/fin.xml: 1 file pulled, 0 skipped. 3.1 MB/s (5796 bytes in 0.002s)
UI hierchary dumped to: /sdcard/fin.xml
/sdcard/fin.xml: 1 file pulled, 0 skipped. 0.3 MB/s (5796 bytes in 0.016s)
UI hierchary dumped to: /sdcard/fin.xml
/sdcard/fin.xml: 1 file pulled, 0 skipped. 2.6 MB/s (5796 bytes in 0.002s)
Starting: Intent { cmp=com.ora.ora/.MainActivity }
Warning: Activity not started, intent has been delivered to currently running top-most instance.
UI hierchary dumped to: /sdcard/fin.xml
/sdcard/fin.xml: 1 file pulled, 0 skipped. 3.8 MB/s (5796 bytes in 0.001s)
UI hierchary dumped to: /sdcard/fin.xml
/sdcard/fin.xml: 1 file pulled, 0 skipped. 1.7 MB/s (5796 bytes in 0.003s)
UI hierchary dumped to: /sdcard/fin.xml
/sdcard/fin.xml: 1 file pulled, 0 skipped. 2.3 MB/s (5796 bytes in 0.002s)
UI hierchary dumped to: /sdcard/fin.xml
/sdcard/fin.xml: 1 file pulled, 0 skipped. 1.6 MB/s (5796 bytes in 0.003s)
Starting: Intent { cmp=com.ora.ora/.MainActivity }
Warning: Activity not started, intent has been delivered to currently running top-most instance.
UI hierchary dumped to: /sdcard/fin.xml
/sdcard/fin.xml: 1 file pulled, 0 skipped. 2.8 MB/s (5796 bytes in 0.002s)
UI hierchary dumped to: /sdcard/fin.xml
/sdcard/fin.xml: 1 file pulled, 0 skipped. 3.3 MB/s (5796 bytes in 0.002s)
UI hierchary dumped to: /sdcard/fin.xml
/sdcard/fin.xml: 1 file pulled, 0 skipped. 1.4 MB/s (5796 bytes in 0.004s)
UI hierchary dumped to: /sdcard/fin.xml
/sdcard/fin.xml: 1 file pulled, 0 skipped. 0.8 MB/s (5796 bytes in 0.007s)
Starting: Intent { cmp=com.ora.ora/.MainActivity }
Warning: Activity not started, intent has been delivered to currently running top-most instance.
UI hierchary dumped to: /sdcard/fin.xml
/sdcard/fin.xml: 1 file pulled, 0 skipped. 1.1 MB/s (5796 bytes in 0.005s)
UI hierchary dumped to: /sdcard/fin.xml
/sdcard/fin.xml: 1 file pulled, 0 skipped. 1.5 MB/s (5796 bytes in 0.004s)
UI hierchary dumped to: /sdcard/fin.xml
/sdcard/fin.xml: 1 file pulled, 0 skipped. 3.0 MB/s (5796 bytes in 0.002s)
UI hierchary dumped to: /sdcard/fin.xml
/sdcard/fin.xml: 1 file pulled, 0 skipped. 1.2 MB/s (5796 bytes in 0.005s)
Starting: Intent { cmp=com.ora.ora/.MainActivity }
Warning: Activity not started, intent has been delivered to currently running top-most instance.
UI hierchary dumped to: /sdcard/fin.xml
/sdcard/fin.xml: 1 file pulled, 0 skipped. 0.9 MB/s (5796 bytes in 0.006s)
UI hierchary dumped to: /sdcard/fin.xml
/sdcard/fin.xml: 1 file pulled, 0 skipped. 2.3 MB/s (5796 bytes in 0.002s)
UI hierchary dumped to: /sdcard/fin.xml
/sdcard/fin.xml: 1 file pulled, 0 skipped. 2.6 MB/s (5796 bytes in 0.002s)
UI hierchary dumped to: /sdcard/fin.xml
/sdcard/fin.xml: 1 file pulled, 0 skipped. 2.8 MB/s (5796 bytes in 0.002s)
Starting: Intent { cmp=com.ora.ora/.MainActivity }
Warning: Activity not started, intent has been delivered to currently running top-most instance.
UI hierchary dumped to: /sdcard/fin.xml
/sdcard/fin.xml: 1 file pulled, 0 skipped. 2.5 MB/s (5796 bytes in 0.002s)
UI hierchary dumped to: /sdcard/fin.xml
/sdcard/fin.xml: 1 file pulled, 0 skipped. 1.9 MB/s (5796 bytes in 0.003s)
UI hierchary dumped to: /sdcard/fin.xml
/sdcard/fin.xml: 1 file pulled, 0 skipped. 1.7 MB/s (5796 bytes in 0.003s)
UI hierchary dumped to: /sdcard/fin.xml
/sdcard/fin.xml: 1 file pulled, 0 skipped. 2.5 MB/s (5796 bytes in 0.002s)
Starting: Intent { cmp=com.ora.ora/.MainActivity }
Warning: Activity not started, intent has been delivered to currently running top-most instance.
UI hierchary dumped to: /sdcard/fin.xml
/sdcard/fin.xml: 1 file pulled, 0 skipped. 2.5 MB/s (5796 bytes in 0.002s)
UI hierchary dumped to: /sdcard/fin.xml
/sdcard/fin.xml: 1 file pulled, 0 skipped. 1.2 MB/s (5796 bytes in 0.005s)
UI hierchary dumped to: /sdcard/fin.xml
/sdcard/fin.xml: 1 file pulled, 0 skipped. 2.7 MB/s (5796 bytes in 0.002s)
UI hierchary dumped to: /sdcard/fin.xml
/sdcard/fin.xml: 1 file pulled, 0 skipped. 0.9 MB/s (5796 bytes in 0.006s)
Starting: Intent { cmp=com.ora.ora/.MainActivity }
Warning: Activity not started, intent has been delivered to currently running top-most instance.
UI hierchary dumped to: /sdcard/fin.xml
/sdcard/fin.xml: 1 file pulled, 0 skipped. 0.8 MB/s (5796 bytes in 0.007s)
UI hierchary dumped to: /sdcard/fin.xml
/sdcard/fin.xml: 1 file pulled, 0 skipped. 2.2 MB/s (5796 bytes in 0.003s)
UI hierchary dumped to: /sdcard/fin.xml
/sdcard/fin.xml: 1 file pulled, 0 skipped. 0.3 MB/s (5796 bytes in 0.020s)
UI hierchary dumped to: /sdcard/fin.xml
/sdcard/fin.xml: 1 file pulled, 0 skipped. 0.6 MB/s (5796 bytes in 0.009s)
Starting: Intent { cmp=com.ora.ora/.MainActivity }
Warning: Activity not started, intent has been delivered to currently running top-most instance.
UI hierchary dumped to: /sdcard/fin.xml
/sdcard/fin.xml: 1 file pulled, 0 skipped. 2.1 MB/s (5796 bytes in 0.003s)
UI hierchary dumped to: /sdcard/fin.xml
/sdcard/fin.xml: 1 file pulled, 0 skipped. 2.0 MB/s (5796 bytes in 0.003s)
UI hierchary dumped to: /sdcard/fin.xml
/sdcard/fin.xml: 1 file pulled, 0 skipped. 2.2 MB/s (5796 bytes in 0.003s)
UI hierchary dumped to: /sdcard/fin.xml
/sdcard/fin.xml: 1 file pulled, 0 skipped. 1.4 MB/s (5796 bytes in 0.004s)
Starting: Intent { cmp=com.ora.ora/.MainActivity }
Warning: Activity not started, intent has been delivered to currently running top-most instance.
UI hierchary dumped to: /sdcard/fin.xml
/sdcard/fin.xml: 1 file pulled, 0 skipped. 2.7 MB/s (5796 bytes in 0.002s)
UI hierchary dumped to: /sdcard/fin.xml
/sdcard/fin.xml: 1 file pulled, 0 skipped. 2.6 MB/s (5796 bytes in 0.002s)
UI hierchary dumped to: /sdcard/fin.xml
/sdcard/fin.xml: 1 file pulled, 0 skipped. 2.8 MB/s (5796 bytes in 0.002s)
{
  "gates": {
    "auth_emulator": "PASS",
    "driver_discovery": "FAIL"
  },
  "started": "2026-09-29T08:54:28.447042+00:00",
  "driver_ui_evidence": "fin_d_auth_1.xml",
  "auth_me": {
    "skipped": true,
    "reason": "custom_token_failed"
  },
  "error": "driver open rides empty",
  "finished": "2026-09-29T09:01:11.836638+00:00",
  "verdict": "NOT GREEN"
}
