Starting: Intent { cmp=com.ora.ora/.MainActivity }
UI hierchary dumped to: /sdcard/fin.xml
/sdcard/fin.xml: 1 file pulled, 0 skipped. 0.5 MB/s (4978 bytes in 0.009s)
Starting: Intent { cmp=com.ora.ora/.MainActivity }
Warning: Activity not started, intent has been delivered to currently running top-most instance.
UI hierchary dumped to: /sdcard/fin.xml
/sdcard/fin.xml: 1 file pulled, 0 skipped. 4.7 MB/s (12485 bytes in 0.003s)
UI hierchary dumped to: /sdcard/fin.xml
/sdcard/fin.xml: 1 file pulled, 0 skipped. 2.9 MB/s (11632 bytes in 0.004s)
Starting: Intent { cmp=com.ora.ora/.MainActivity }
Warning: Activity not started, intent has been delivered to currently running top-most instance.
UI hierchary dumped to: /sdcard/fin.xml
/sdcard/fin.xml: 1 file pulled, 0 skipped. 2.6 MB/s (7343 bytes in 0.003s)
UI hierchary dumped to: /sdcard/fin.xml
/sdcard/fin.xml: 1 file pulled, 0 skipped. 3.4 MB/s (11260 bytes in 0.003s)
UI hierchary dumped to: /sdcard/fin.xml
/sdcard/fin.xml: 1 file pulled, 0 skipped. 2.8 MB/s (11260 bytes in 0.004s)
UI hierchary dumped to: /sdcard/fin.xml
/sdcard/fin.xml: 1 file pulled, 0 skipped. 2.7 MB/s (9604 bytes in 0.003s)
UI hierchary dumped to: /sdcard/fin.xml
/sdcard/fin.xml: 1 file pulled, 0 skipped. 2.3 MB/s (9604 bytes in 0.004s)
UI hierchary dumped to: /sdcard/fin.xml
/sdcard/fin.xml: 1 file pulled, 0 skipped. 2.3 MB/s (10038 bytes in 0.004s)
UI hierchary dumped to: /sdcard/fin.xml
/sdcard/fin.xml: 1 file pulled, 0 skipped. 4.0 MB/s (10038 bytes in 0.002s)
UI hierchary dumped to: /sdcard/fin.xml
/sdcard/fin.xml: 1 file pulled, 0 skipped. 2.6 MB/s (10038 bytes in 0.004s)
UI hierchary dumped to: /sdcard/fin.xml
/sdcard/fin.xml: 1 file pulled, 0 skipped. 2.3 MB/s (8007 bytes in 0.003s)
UI hierchary dumped to: /sdcard/fin.xml
/sdcard/fin.xml: 1 file pulled, 0 skipped. 2.5 MB/s (8007 bytes in 0.003s)
UI hierchary dumped to: /sdcard/fin.xml
/sdcard/fin.xml: 1 file pulled, 0 skipped. 2.4 MB/s (8007 bytes in 0.003s)
UI hierchary dumped to: /sdcard/fin.xml
/sdcard/fin.xml: 1 file pulled, 0 skipped. 2.2 MB/s (7625 bytes in 0.003s)
UI hierchary dumped to: /sdcard/fin.xml
/sdcard/fin.xml: 1 file pulled, 0 skipped. 2.0 MB/s (7625 bytes in 0.004s)
UI hierchary dumped to: /sdcard/fin.xml
/sdcard/fin.xml: 1 file pulled, 0 skipped. 2.1 MB/s (7625 bytes in 0.003s)
UI hierchary dumped to: /sdcard/fin.xml
/sdcard/fin.xml: 1 file pulled, 0 skipped. 2.1 MB/s (7625 bytes in 0.004s)
UI hierchary dumped to: /sdcard/fin.xml
/sdcard/fin.xml: 1 file pulled, 0 skipped. 1.9 MB/s (7625 bytes in 0.004s)
UI hierchary dumped to: /sdcard/fin.xml
/sdcard/fin.xml: 1 file pulled, 0 skipped. 3.0 MB/s (7625 bytes in 0.002s)
UI hierchary dumped to: /sdcard/fin.xml
/sdcard/fin.xml: 1 file pulled, 0 skipped. 1.7 MB/s (7625 bytes in 0.004s)
UI hierchary dumped to: /sdcard/fin.xml
/sdcard/fin.xml: 1 file pulled, 0 skipped. 2.5 MB/s (7625 bytes in 0.003s)
UI hierchary dumped to: /sdcard/fin.xml
/sdcard/fin.xml: 1 file pulled, 0 skipped. 1.7 MB/s (7625 bytes in 0.004s)
UI hierchary dumped to: /sdcard/fin.xml
/sdcard/fin.xml: 1 file pulled, 0 skipped. 2.1 MB/s (7625 bytes in 0.004s)
UI hierchary dumped to: /sdcard/fin.xml
/sdcard/fin.xml: 1 file pulled, 0 skipped. 1.6 MB/s (7625 bytes in 0.005s)
UI hierchary dumped to: /sdcard/fin.xml
/sdcard/fin.xml: 1 file pulled, 0 skipped. 2.0 MB/s (7625 bytes in 0.004s)
UI hierchary dumped to: /sdcard/fin.xml
/sdcard/fin.xml: 1 file pulled, 0 skipped. 2.2 MB/s (7625 bytes in 0.003s)
UI hierchary dumped to: /sdcard/fin.xml
/sdcard/fin.xml: 1 file pulled, 0 skipped. 1.7 MB/s (7625 bytes in 0.004s)
UI hierchary dumped to: /sdcard/fin.xml
/sdcard/fin.xml: 1 file pulled, 0 skipped. 1.9 MB/s (7625 bytes in 0.004s)
UI hierchary dumped to: /sdcard/fin.xml
/sdcard/fin.xml: 1 file pulled, 0 skipped. 1.8 MB/s (7625 bytes in 0.004s)
UI hierchary dumped to: /sdcard/fin.xml
/sdcard/fin.xml: 1 file pulled, 0 skipped. 2.6 MB/s (7625 bytes in 0.003s)
UI hierchary dumped to: /sdcard/fin.xml
/sdcard/fin.xml: 1 file pulled, 0 skipped. 2.0 MB/s (7625 bytes in 0.004s)
UI hierchary dumped to: /sdcard/fin.xml
/sdcard/fin.xml: 1 file pulled, 0 skipped. 2.0 MB/s (7625 bytes in 0.004s)
UI hierchary dumped to: /sdcard/fin.xml
/sdcard/fin.xml: 1 file pulled, 0 skipped. 2.0 MB/s (7625 bytes in 0.004s)
UI hierchary dumped to: /sdcard/fin.xml
/sdcard/fin.xml: 1 file pulled, 0 skipped. 2.1 MB/s (7625 bytes in 0.003s)
UI hierchary dumped to: /sdcard/fin.xml
/sdcard/fin.xml: 1 file pulled, 0 skipped. 2.1 MB/s (7625 bytes in 0.004s)
UI hierchary dumped to: /sdcard/fin.xml
/sdcard/fin.xml: 1 file pulled, 0 skipped. 1.7 MB/s (7625 bytes in 0.004s)
UI hierchary dumped to: /sdcard/fin.xml
/sdcard/fin.xml: 1 file pulled, 0 skipped. 2.1 MB/s (7625 bytes in 0.003s)
UI hierchary dumped to: /sdcard/fin.xml
/sdcard/fin.xml: 1 file pulled, 0 skipped. 1.5 MB/s (7625 bytes in 0.005s)
UI hierchary dumped to: /sdcard/fin.xml
/sdcard/fin.xml: 1 file pulled, 0 skipped. 1.9 MB/s (7625 bytes in 0.004s)
UI hierchary dumped to: /sdcard/fin.xml
/sdcard/fin.xml: 1 file pulled, 0 skipped. 2.6 MB/s (7625 bytes in 0.003s)
UI hierchary dumped to: /sdcard/fin.xml
/sdcard/fin.xml: 1 file pulled, 0 skipped. 2.0 MB/s (7625 bytes in 0.004s)
UI hierchary dumped to: /sdcard/fin.xml
/sdcard/fin.xml: 1 file pulled, 0 skipped. 2.5 MB/s (7625 bytes in 0.003s)
UI hierchary dumped to: /sdcard/fin.xml
/sdcard/fin.xml: 1 file pulled, 0 skipped. 2.0 MB/s (7625 bytes in 0.004s)
UI hierchary dumped to: /sdcard/fin.xml
/sdcard/fin.xml: 1 file pulled, 0 skipped. 2.0 MB/s (7625 bytes in 0.004s)
UI hierchary dumped to: /sdcard/fin.xml
/sdcard/fin.xml: 1 file pulled, 0 skipped. 2.8 MB/s (7625 bytes in 0.003s)
UI hierchary dumped to: /sdcard/fin.xml
/sdcard/fin.xml: 1 file pulled, 0 skipped. 2.8 MB/s (7625 bytes in 0.003s)
UI hierchary dumped to: /sdcard/fin.xml
/sdcard/fin.xml: 1 file pulled, 0 skipped. 2.8 MB/s (7625 bytes in 0.003s)
{
  "gates": {
    "auth_emulator": "PASS",
    "auth_samsung": "PASS",
    "passenger_pricing": "FAIL"
  },
  "started": "2026-09-29T09:22:56.296816+00:00",
  "driver_ui_evidence": "fin_d_auth_0.xml",
  "auth_me": {
    "skipped": true,
    "reason": "custom_token_failed"
  },
  "error": "pricing missing on review",
  "finished": "2026-09-29T09:27:39.825607+00:00",
  "verdict": "NOT GREEN"
}
