LOGIN
relaunch com.sec.android.app.launcher
  bash arg: -p
  bash arg: com.ora.ora
  bash arg: -c
  bash arg: android.intent.category.LAUNCHER
  bash arg: 1
args: [-p, com.ora.ora, -c, android.intent.category.LAUNCHER, 1]
 arg: "-p"
 arg: "com.ora.ora"
 arg: "-c"
 arg: "android.intent.category.LAUNCHER"
 arg: "1"
data="com.ora.ora"
data="android.intent.category.LAUNCHER"
Events injected: 1
## Network stats: elapsed time=53ms (0ms mobile, 0ms wifi, 53ms not connected)
=== boot fg= com.ora.ora ===
- Menu
- ORA
- O
- Where are you headed? | Set pickup & destination
- COMING LATER | Intercity trips across Pakistan cities
- Earn on ORA | Passenger & driver — switch anytime
- Services
- City rides | Zip to Premium
- Intercity | City to city
- Courier | Send anything same day
- Move | Truck + helpers
- Choose a ride | 6 options
- Zip | Bike, fastest way | Fare on request
- Trio | Rickshaw, 3 seats | Fare on request
- Easy | Compact | Fare on request
=== home0 fg= com.ora.ora ===
- Menu
- ORA
- O
- Where are you headed? | Set pickup & destination
- COMING LATER | Intercity trips across Pakistan cities
- Earn on ORA | Passenger & driver — switch anytime
- Services
- City rides | Zip to Premium
- Intercity | City to city
- Courier | Send anything same day
- Move | Truck + helpers
- Choose a ride | 6 options
- Zip | Bike, fastest way | Fare on request
- Trio | Rickshaw, 3 seats | Fare on request
- Easy | Compact | Fare on request
TAP exact Menu  Menu
=== drawer0 fg= com.ora.ora ===
- O
- ORA passenger
- View profile
- Home
- My rides
- Saved places
- Wallet
- Refer & earn | Get Rs 200 per friend
- Safety centre
- Switch to driver mode | Earn with the same account
- Settings
- Help centre
- Log out
TAP  Switch to driver mode  Switch to driver mode|Earn with the same account
=== driver0 fg= com.ora.ora ===
- Menu
- Driver
- HE
- Today's earnings | — | Live payouts connect in a later slice · not invented
- Map zones · coming later
- Available for trips | Go online connects in a later slice
- Open ride requests | Server open-ride list for approved drivers
- Quick actions
- Earnings
- My trips
- Payouts
- Vehicle
- Bonuses
- Hot zones
TEST A deny
TAP exact My trips  My trips
=== trips fg= com.ora.ora ===
- Menu
- My trips
- ORA
- Assigned rides
- Jobs from Ora's servers for your approved driver account. This is assigned rides / history — not a marketplace browse.
- Status
- All | All
- Completed | Completed
- Cancelled | Cancelled
- Service
- Any | Any
- Ride | Ride
- Courier | Courier
- Intercity | Intercity
- Move | Move
- Assigned — head to pickup | DRIVER_ASSIGNED | Liberty Market Lahore → Gulberg Lahore | Ride · easy · 2026-10-05 11:54 | Agreed fare Rs 1140
- Ride closed | RIDE_CLOSED | Current location → Liberty Market Gulberg III, Lahore, Pakistan | Ride · easy · 2026-09-29 14:37 | Agreed fare R
- End of list from server
TAP  Assigned — head to pickup  Assigned — head to pickup|DRIVER_ASSIGNED|Liberty Market Lahore → Gulberg Lahor
=== ride_perm_0 fg= com.google.android.permissioncontroller ===
- Allow ORA to access this device’s location?
- Precise
- Approximate
- While using the app
- Only this time
- Don't allow
DENY_TAP Don't allow (64, 2074, 1016, 2169)
DENY_OK fg= 
DENY_TAP Don't allow (64, 2074, 1016, 2169)
DENY_OK fg= com.ora.ora
=== a_wait0 fg=  ===
- Allow ORA to access this device’s location?
- Precise
- Approximate
- While using the app
- Only this time
- Don't allow
=== boot fg= com.google.android.permissioncontroller ===
- Allow ORA to access this device’s location?
- Precise
- Approximate
- While using the app
- Only this time
- Don't allow
=== home0 fg= com.ora.ora ===
- Allow ORA to access this device’s location?
- Precise
- Approximate
- While using the app
- Only this time
- Don't allow
=== drawer0 fg= com.ora.ora ===
- Menu
- My trips
- ORA
- Assigned rides
- Jobs from Ora's servers for your approved driver account. This is assigned rides / history — not a marketplace browse.
- Status
- All | All
- Completed | Completed
- Cancelled | Cancelled
- Service
- Any | Any
- Ride | Ride
- Courier | Courier
- Intercity | Intercity
- Move | Move
- Assigned — head to pickup | DRIVER_ASSIGNED | Liberty Market Lahore → Gulberg Lahore | Ride · easy · 2026-10-05 11:54 | Agreed fare Rs 1140
- Ride closed | RIDE_CLOSED | Current location → Liberty Market Gulberg III, Lahore, Pakistan | Ride · easy · 2026-09-29 14:37 | Agreed fare R
- End of list from server
relaunch com.sec.android.app.launcher
  bash arg: -p
  bash arg: com.ora.ora
  bash arg: -c
  bash arg: android.intent.category.LAUNCHER
  bash arg: 1
args: [-p, com.ora.ora, -c, android.intent.category.LAUNCHER, 1]
 arg: "-p"
 arg: "com.ora.ora"
 arg: "-c"
 arg: "android.intent.category.LAUNCHER"
 arg: "1"
data="com.ora.ora"
data="android.intent.category.LAUNCHER"
Events injected: 1
## Network stats: elapsed time=61ms (0ms mobile, 0ms wifi, 61ms not connected)
=== home1 fg= com.ora.ora ===
- ORA
- Your city, your way
- Passenger & driver · one app
- Staging
- Too many requests. Please try again later.
- Try again | Try again
=== drawer1 fg= com.ora.ora ===
- ORA
- Your city, your way
- Passenger & driver · one app
- Staging
- Too many requests. Please try again later.
- Try again | Try again
relaunch com.sec.android.app.launcher
  bash arg: -p
  bash arg: com.ora.ora
  bash arg: -c
  bash arg: android.intent.category.LAUNCHER
  bash arg: 1
args: [-p, com.ora.ora, -c, android.intent.category.LAUNCHER, 1]
 arg: "-p"
 arg: "com.ora.ora"
 arg: "-c"
 arg: "android.intent.category.LAUNCHER"
 arg: "1"
data="com.ora.ora"
data="android.intent.category.LAUNCHER"
Events injected: 1
## Network stats: elapsed time=72ms (0ms mobile, 0ms wifi, 72ms not connected)
=== home2 fg= com.ora.ora ===
- Menu
- ORA
- O
- Where are you headed? | Set pickup & destination
- COMING LATER | Intercity trips across Pakistan cities
- Earn on ORA | Passenger & driver — switch anytime
- Services
- City rides | Zip to Premium
- Intercity | City to city
- Courier | Send anything same day
- Move | Truck + helpers
- Choose a ride | 6 options
- Zip | Bike, fastest way | Fare on request
- Trio | Rickshaw, 3 seats | Fare on request
- Easy | Compact | Fare on request
TAP exact Menu  Menu
=== drawer2 fg= com.ora.ora ===
- O
- ORA passenger
- View profile
- Home
- My rides
- Saved places
- Wallet
- Refer & earn | Get Rs 200 per friend
- Safety centre
- Switch to driver mode | Earn with the same account
- Settings
- Help centre
- Log out
TAP  Switch to driver mode  Switch to driver mode|Earn with the same account
=== driver2 fg= com.ora.ora ===
- Menu
- Driver
- HE
- Today's earnings | — | Live payouts connect in a later slice · not invented
- Map zones · coming later
- Available for trips | Go online connects in a later slice
- Open ride requests | Server open-ride list for approved drivers
- Quick actions
- Earnings
- My trips
- Payouts
- Vehicle
- Bonuses
- Hot zones
TAP exact My trips  My trips
=== trips fg= com.ora.ora ===
- Menu
- My trips
- ORA
- Assigned rides
- Jobs from Ora's servers for your approved driver account. This is assigned rides / history — not a marketplace browse.
- Status
- All | All
- Completed | Completed
- Cancelled | Cancelled
- Service
- Any | Any
- Ride | Ride
- Courier | Courier
- Intercity | Intercity
- Move | Move
- Assigned — head to pickup | DRIVER_ASSIGNED | Liberty Market Lahore → Gulberg Lahore | Ride · easy · 2026-10-05 11:54 | Agreed fare Rs 1140
- Ride closed | RIDE_CLOSED | Current location → Liberty Market Gulberg III, Lahore, Pakistan | Ride · easy · 2026-09-29 14:37 | Agreed fare R
- End of list from server
TAP  Assigned — head to pickup  Assigned — head to pickup|DRIVER_ASSIGNED|Liberty Market Lahore → Gulberg Lahor
=== ride_0 fg= com.ora.ora ===
- Menu
- My trips
- ORA
- Assigned rides
- Jobs from Ora's servers for your approved driver account. This is assigned rides / history — not a marketplace browse.
- Status
- All | All
- Completed | Completed
- Cancelled | Cancelled
- Service
- Any | Any
- Ride | Ride
- Courier | Courier
- Intercity | Intercity
- Move | Move
- Assigned — head to pickup | DRIVER_ASSIGNED | Liberty Market Lahore → Gulberg Lahore | Ride · easy · 2026-10-05 11:54 | Agreed fare Rs 1140
- Ride closed | RIDE_CLOSED | Current location → Liberty Market Gulberg III, Lahore, Pakistan | Ride · easy · 2026-09-29 14:37 | Agreed fare R
- End of list from server
=== a_wait1 fg= com.google.android.permissioncontroller ===
- Menu
- My trips
- ORA
- Assigned rides
- Jobs from Ora's servers for your approved driver account. This is assigned rides / history — not a marketplace browse.
- Status
- All | All
- Completed | Completed
- Cancelled | Cancelled
- Service
- Any | Any
- Ride | Ride
- Courier | Courier
- Intercity | Intercity
- Move | Move
- Assigned — head to pickup | DRIVER_ASSIGNED | Liberty Market Lahore → Gulberg Lahore | Ride · easy · 2026-10-05 11:54 | Agreed fare Rs 1140
- Ride closed | RIDE_CLOSED | Current location → Liberty Market Gulberg III, Lahore, Pakistan | Ride · easy · 2026-09-29 14:37 | Agreed fare R
- End of list from server
=== a_wait2 fg= com.ora.ora ===
- Menu
- My trips
- ORA
- Assigned rides
- Jobs from Ora's servers for your approved driver account. This is assigned rides / history — not a marketplace browse.
- Status
- All | All
- Completed | Completed
- Cancelled | Cancelled
- Service
- Any | Any
- Ride | Ride
- Courier | Courier
- Intercity | Intercity
- Move | Move
- Assigned — head to pickup | DRIVER_ASSIGNED | Liberty Market Lahore → Gulberg Lahore | Ride · easy · 2026-10-05 11:54 | Agreed fare Rs 1140
- Ride closed | RIDE_CLOSED | Current location → Liberty Market Gulberg III, Lahore, Pakistan | Ride · easy · 2026-09-29 14:37 | Agreed fare R
- End of list from server
=== a_wait3 fg= com.ora.ora ===
- Menu
- My trips
- ORA
- Assigned rides
- Jobs from Ora's servers for your approved driver account. This is assigned rides / history — not a marketplace browse.
- Status
- All | All
- Completed | Completed
- Cancelled | Cancelled
- Service
- Any | Any
- Ride | Ride
- Courier | Courier
- Intercity | Intercity
- Move | Move
- Assigned — head to pickup | DRIVER_ASSIGNED | Liberty Market Lahore → Gulberg Lahore | Ride · easy · 2026-10-05 11:54 | Agreed fare Rs 1140
- Ride closed | RIDE_CLOSED | Current location → Liberty Market Gulberg III, Lahore, Pakistan | Ride · easy · 2026-09-29 14:37 | Agreed fare R
- End of list from server
=== a_wait4 fg=  ===
- Menu
- My trips
- ORA
- Assigned rides
- Jobs from Ora's servers for your approved driver account. This is assigned rides / history — not a marketplace browse.
- Status
- All | All
- Completed | Completed
- Cancelled | Cancelled
- Service
- Any | Any
- Ride | Ride
- Courier | Courier
- Intercity | Intercity
- Move | Move
- Assigned — head to pickup | DRIVER_ASSIGNED | Liberty Market Lahore → Gulberg Lahore | Ride · easy · 2026-10-05 11:54 | Agreed fare Rs 1140
- Ride closed | RIDE_CLOSED | Current location → Liberty Market Gulberg III, Lahore, Pakistan | Ride · easy · 2026-09-29 14:37 | Agreed fare R
- End of list from server
=== a_wait5 fg=  ===
- Menu
- My trips
- ORA
- Assigned rides
- Jobs from Ora's servers for your approved driver account. This is assigned rides / history — not a marketplace browse.
- Status
- All | All
- Completed | Completed
- Cancelled | Cancelled
- Service
- Any | Any
- Ride | Ride
- Courier | Courier
- Intercity | Intercity
- Move | Move
- Assigned — head to pickup | DRIVER_ASSIGNED | Liberty Market Lahore → Gulberg Lahore | Ride · easy · 2026-10-05 11:54 | Agreed fare Rs 1140
- Ride closed | RIDE_CLOSED | Current location → Liberty Market Gulberg III, Lahore, Pakistan | Ride · easy · 2026-09-29 14:37 | Agreed fare R
- End of list from server
=== a_wait6 fg= com.ora.ora ===
- Menu
- My trips
- ORA
- Assigned rides
- Jobs from Ora's servers for your approved driver account. This is assigned rides / history — not a marketplace browse.
- Status
- All | All
- Completed | Completed
- Cancelled | Cancelled
- Service
- Any | Any
- Ride | Ride
- Courier | Courier
- Intercity | Intercity
- Move | Move
- Assigned — head to pickup | DRIVER_ASSIGNED | Liberty Market Lahore → Gulberg Lahore | Ride · easy · 2026-10-05 11:54 | Agreed fare Rs 1140
- Ride closed | RIDE_CLOSED | Current location → Liberty Market Gulberg III, Lahore, Pakistan | Ride · easy · 2026-09-29 14:37 | Agreed fare R
- End of list from server
=== a_wait7 fg=  ===
- Menu
- My trips
- ORA
- Assigned rides
- Jobs from Ora's servers for your approved driver account. This is assigned rides / history — not a marketplace browse.
- Status
- All | All
- Completed | Completed
- Cancelled | Cancelled
- Service
- Any | Any
- Ride | Ride
- Courier | Courier
- Intercity | Intercity
- Move | Move
- Assigned — head to pickup | DRIVER_ASSIGNED | Liberty Market Lahore → Gulberg Lahore | Ride · easy · 2026-10-05 11:54 | Agreed fare Rs 1140
- Ride closed | RIDE_CLOSED | Current location → Liberty Market Gulberg III, Lahore, Pakistan | Ride · easy · 2026-09-29 14:37 | Agreed fare R
- End of list from server
=== a_wait8 fg= com.ora.ora ===
- Menu
- My trips
- ORA
- Assigned rides
- Jobs from Ora's servers for your approved driver account. This is assigned rides / history — not a marketplace browse.
- Status
- All | All
- Completed | Completed
- Cancelled | Cancelled
- Service
- Any | Any
- Ride | Ride
- Courier | Courier
- Intercity | Intercity
- Move | Move
- Assigned — head to pickup | DRIVER_ASSIGNED | Liberty Market Lahore → Gulberg Lahore | Ride · easy · 2026-10-05 11:54 | Agreed fare Rs 1140
- Ride closed | RIDE_CLOSED | Current location → Liberty Market Gulberg III, Lahore, Pakistan | Ride · easy · 2026-09-29 14:37 | Agreed fare R
- End of list from server
=== a_wait9 fg= com.ora.ora ===
- Menu
- My trips
- ORA
- Assigned rides
- Jobs from Ora's servers for your approved driver account. This is assigned rides / history — not a marketplace browse.
- Status
- All | All
- Completed | Completed
- Cancelled | Cancelled
- Service
- Any | Any
- Ride | Ride
- Courier | Courier
- Intercity | Intercity
- Move | Move
- Assigned — head to pickup | DRIVER_ASSIGNED | Liberty Market Lahore → Gulberg Lahore | Ride · easy · 2026-10-05 11:54 | Agreed fare Rs 1140
- Ride closed | RIDE_CLOSED | Current location → Liberty Market Gulberg III, Lahore, Pakistan | Ride · easy · 2026-09-29 14:37 | Agreed fare R
- End of list from server
=== a_wait10 fg=  ===
- Menu
- My trips
- ORA
- Assigned rides
- Jobs from Ora's servers for your approved driver account. This is assigned rides / history — not a marketplace browse.
- Status
- All | All
- Completed | Completed
- Cancelled | Cancelled
- Service
- Any | Any
- Ride | Ride
- Courier | Courier
- Intercity | Intercity
- Move | Move
- Assigned — head to pickup | DRIVER_ASSIGNED | Liberty Market Lahore → Gulberg Lahore | Ride · easy · 2026-10-05 11:54 | Agreed fare Rs 1140
- Ride closed | RIDE_CLOSED | Current location → Liberty Market Gulberg III, Lahore, Pakistan | Ride · easy · 2026-09-29 14:37 | Agreed fare R
- End of list from server
=== a_wait11 fg= com.ora.ora ===
- Menu
- My trips
- ORA
- Assigned rides
- Jobs from Ora's servers for your approved driver account. This is assigned rides / history — not a marketplace browse.
- Status
- All | All
- Completed | Completed
- Cancelled | Cancelled
- Service
- Any | Any
- Ride | Ride
- Courier | Courier
- Intercity | Intercity
- Move | Move
- Assigned — head to pickup | DRIVER_ASSIGNED | Liberty Market Lahore → Gulberg Lahore | Ride · easy · 2026-10-05 11:54 | Agreed fare Rs 1140
- Ride closed | RIDE_CLOSED | Current location → Liberty Market Gulberg III, Lahore, Pakistan | Ride · easy · 2026-09-29 14:37 | Agreed fare R
- End of list from server
=== a_wait12 fg= com.ora.ora ===
- Menu
- My trips
- ORA
- Assigned rides
- Jobs from Ora's servers for your approved driver account. This is assigned rides / history — not a marketplace browse.
- Status
- All | All
- Completed | Completed
- Cancelled | Cancelled
- Service
- Any | Any
- Ride | Ride
- Courier | Courier
- Intercity | Intercity
- Move | Move
- Assigned — head to pickup | DRIVER_ASSIGNED | Liberty Market Lahore → Gulberg Lahore | Ride · easy · 2026-10-05 11:54 | Agreed fare Rs 1140
- Ride closed | RIDE_CLOSED | Current location → Liberty Market Gulberg III, Lahore, Pakistan | Ride · easy · 2026-09-29 14:37 | Agreed fare R
- End of list from server
=== a_wait13 fg= com.google.android.permissioncontroller ===
- Menu
- My trips
- ORA
- Assigned rides
- Jobs from Ora's servers for your approved driver account. This is assigned rides / history — not a marketplace browse.
- Status
- All | All
- Completed | Completed
- Cancelled | Cancelled
- Service
- Any | Any
- Ride | Ride
- Courier | Courier
- Intercity | Intercity
- Move | Move
- Assigned — head to pickup | DRIVER_ASSIGNED | Liberty Market Lahore → Gulberg Lahore | Ride · easy · 2026-10-05 11:54 | Agreed fare Rs 1140
- Ride closed | RIDE_CLOSED | Current location → Liberty Market Gulberg III, Lahore, Pakistan | Ride · easy · 2026-09-29 14:37 | Agreed fare R
- End of list from server
=== a_wait14 fg=  ===
- Menu
- My trips
- ORA
- Assigned rides
- Jobs from Ora's servers for your approved driver account. This is assigned rides / history — not a marketplace browse.
- Status
- All | All
- Completed | Completed
- Cancelled | Cancelled
- Service
- Any | Any
- Ride | Ride
- Courier | Courier
- Intercity | Intercity
- Move | Move
- Assigned — head to pickup | DRIVER_ASSIGNED | Liberty Market Lahore → Gulberg Lahore | Ride · easy · 2026-10-05 11:54 | Agreed fare Rs 1140
- Ride closed | RIDE_CLOSED | Current location → Liberty Market Gulberg III, Lahore, Pakistan | Ride · easy · 2026-09-29 14:37 | Agreed fare R
- End of list from server
A {'dialogDenied': True, 'assignedRideVisible': False, 'status': None, 'visibleUiStatusText': None, 'seconds': 481.2, 'hasMapPreview': False, 'hasRedis': False, 'endlessLoading': False, 'crash': False, 'foregroundPkg': ''}
TEST B grant
=== b_after_allow fg= com.ora.ora ===
- Menu
- My trips
- ORA
- Assigned rides
- Jobs from Ora's servers for your approved driver account. This is assigned rides / history — not a marketplace browse.
- Status
- All | All
- Completed | Completed
- Cancelled | Cancelled
- Service
- Any | Any
- Ride | Ride
- Courier | Courier
- Intercity | Intercity
- Move | Move
- Assigned — head to pickup | DRIVER_ASSIGNED | Liberty Market Lahore → Gulberg Lahore | Ride · easy · 2026-10-05 11:54 | Agreed fare Rs 1140
- Ride closed | RIDE_CLOSED | Current location → Liberty Market Gulberg III, Lahore, Pakistan | Ride · easy · 2026-09-29 14:37 | Agreed fare R
- End of list from server
=== b_wait0 fg= com.ora.ora ===
- Menu
- My trips
- ORA
- Assigned rides
- Jobs from Ora's servers for your approved driver account. This is assigned rides / history — not a marketplace browse.
- Status
- All | All
- Completed | Completed
- Cancelled | Cancelled
- Service
- Any | Any
- Ride | Ride
- Courier | Courier
- Intercity | Intercity
- Move | Move
- Assigned — head to pickup | DRIVER_ASSIGNED | Liberty Market Lahore → Gulberg Lahore | Ride · easy · 2026-10-05 11:54 | Agreed fare Rs 1140
- Ride closed | RIDE_CLOSED | Current location → Liberty Market Gulberg III, Lahore, Pakistan | Ride · easy · 2026-09-29 14:37 | Agreed fare R
- End of list from server
status None
=== b_wait1 fg= com.ora.ora ===
- Menu
- My trips
- ORA
- Assigned rides
- Jobs from Ora's servers for your approved driver account. This is assigned rides / history — not a marketplace browse.
- Status
- All | All
- Completed | Completed
- Cancelled | Cancelled
- Service
- Any | Any
- Ride | Ride
- Courier | Courier
- Intercity | Intercity
- Move | Move
- Assigned — head to pickup | DRIVER_ASSIGNED | Liberty Market Lahore → Gulberg Lahore | Ride · easy · 2026-10-05 11:54 | Agreed fare Rs 1140
- Ride closed | RIDE_CLOSED | Current location → Liberty Market Gulberg III, Lahore, Pakistan | Ride · easy · 2026-09-29 14:37 | Agreed fare R
- End of list from server
status None
=== b_wait2 fg= com.ora.ora ===
- Menu
- My trips
- ORA
- Assigned rides
- Jobs from Ora's servers for your approved driver account. This is assigned rides / history — not a marketplace browse.
- Status
- All | All
- Completed | Completed
- Cancelled | Cancelled
- Service
- Any | Any
- Ride | Ride
- Courier | Courier
- Intercity | Intercity
- Move | Move
- Assigned — head to pickup | DRIVER_ASSIGNED | Liberty Market Lahore → Gulberg Lahore | Ride · easy · 2026-10-05 11:54 | Agreed fare Rs 1140
- Ride closed | RIDE_CLOSED | Current location → Liberty Market Gulberg III, Lahore, Pakistan | Ride · easy · 2026-09-29 14:37 | Agreed fare R
- End of list from server
status None
=== b_wait3 fg= com.ora.ora ===
- Menu
- My trips
- ORA
- Assigned rides
- Jobs from Ora's servers for your approved driver account. This is assigned rides / history — not a marketplace browse.
- Status
- All | All
- Completed | Completed
- Cancelled | Cancelled
- Service
- Any | Any
- Ride | Ride
- Courier | Courier
- Intercity | Intercity
- Move | Move
- Assigned — head to pickup | DRIVER_ASSIGNED | Liberty Market Lahore → Gulberg Lahore | Ride · easy · 2026-10-05 11:54 | Agreed fare Rs 1140
- Ride closed | RIDE_CLOSED | Current location → Liberty Market Gulberg III, Lahore, Pakistan | Ride · easy · 2026-09-29 14:37 | Agreed fare R
- End of list from server
status None
=== b_wait4 fg= com.ora.ora ===
- Menu
- My trips
- ORA
- Assigned rides
- Jobs from Ora's servers for your approved driver account. This is assigned rides / history — not a marketplace browse.
- Status
- All | All
- Completed | Completed
- Cancelled | Cancelled
- Service
- Any | Any
- Ride | Ride
- Courier | Courier
- Intercity | Intercity
- Move | Move
- Assigned — head to pickup | DRIVER_ASSIGNED | Liberty Market Lahore → Gulberg Lahore | Ride · easy · 2026-10-05 11:54 | Agreed fare Rs 1140
- Ride closed | RIDE_CLOSED | Current location → Liberty Market Gulberg III, Lahore, Pakistan | Ride · easy · 2026-09-29 14:37 | Agreed fare R
- End of list from server
status None
=== b_wait5 fg= com.ora.ora ===
- Menu
- My trips
- ORA
- Assigned rides
- Jobs from Ora's servers for your approved driver account. This is assigned rides / history — not a marketplace browse.
- Status
- All | All
- Completed | Completed
- Cancelled | Cancelled
- Service
- Any | Any
- Ride | Ride
- Courier | Courier
- Intercity | Intercity
- Move | Move
- Assigned — head to pickup | DRIVER_ASSIGNED | Liberty Market Lahore → Gulberg Lahore | Ride · easy · 2026-10-05 11:54 | Agreed fare Rs 1140
- Ride closed | RIDE_CLOSED | Current location → Liberty Market Gulberg III, Lahore, Pakistan | Ride · easy · 2026-09-29 14:37 | Agreed fare R
- End of list from server
status None
=== b_wait6 fg= com.ora.ora ===
- Menu
- My trips
- ORA
- Assigned rides
- Jobs from Ora's servers for your approved driver account. This is assigned rides / history — not a marketplace browse.
- Status
- All | All
- Completed | Completed
- Cancelled | Cancelled
- Service
- Any | Any
- Ride | Ride
- Courier | Courier
- Intercity | Intercity
- Move | Move
- Assigned — head to pickup | DRIVER_ASSIGNED | Liberty Market Lahore → Gulberg Lahore | Ride · easy · 2026-10-05 11:54 | Agreed fare Rs 1140
- Ride closed | RIDE_CLOSED | Current location → Liberty Market Gulberg III, Lahore, Pakistan | Ride · easy · 2026-09-29 14:37 | Agreed fare R
- End of list from server
status None
=== b_wait7 fg= com.ora.ora ===
- Menu
- My trips
- ORA
- Assigned rides
- Jobs from Ora's servers for your approved driver account. This is assigned rides / history — not a marketplace browse.
- Status
- All | All
- Completed | Completed
- Cancelled | Cancelled
- Service
- Any | Any
- Ride | Ride
- Courier | Courier
- Intercity | Intercity
- Move | Move
- Assigned — head to pickup | DRIVER_ASSIGNED | Liberty Market Lahore → Gulberg Lahore | Ride · easy · 2026-10-05 11:54 | Agreed fare Rs 1140
- Ride closed | RIDE_CLOSED | Current location → Liberty Market Gulberg III, Lahore, Pakistan | Ride · easy · 2026-09-29 14:37 | Agreed fare R
- End of list from server
status None
=== b_wait8 fg= com.ora.ora ===
- Menu
- My trips
- ORA
- Assigned rides
- Jobs from Ora's servers for your approved driver account. This is assigned rides / history — not a marketplace browse.
- Status
- All | All
- Completed | Completed
- Cancelled | Cancelled
- Service
- Any | Any
- Ride | Ride
- Courier | Courier
- Intercity | Intercity
- Move | Move
- Assigned — head to pickup | DRIVER_ASSIGNED | Liberty Market Lahore → Gulberg Lahore | Ride · easy · 2026-10-05 11:54 | Agreed fare Rs 1140
- Ride closed | RIDE_CLOSED | Current location → Liberty Market Gulberg III, Lahore, Pakistan | Ride · easy · 2026-09-29 14:37 | Agreed fare R
- End of list from server
status None
=== b_wait9 fg= com.ora.ora ===
- Menu
- My trips
- ORA
- Assigned rides
- Jobs from Ora's servers for your approved driver account. This is assigned rides / history — not a marketplace browse.
- Status
- All | All
- Completed | Completed
- Cancelled | Cancelled
- Service
- Any | Any
- Ride | Ride
- Courier | Courier
- Intercity | Intercity
- Move | Move
- Assigned — head to pickup | DRIVER_ASSIGNED | Liberty Market Lahore → Gulberg Lahore | Ride · easy · 2026-10-05 11:54 | Agreed fare Rs 1140
- Ride closed | RIDE_CLOSED | Current location → Liberty Market Gulberg III, Lahore, Pakistan | Ride · easy · 2026-09-29 14:37 | Agreed fare R
- End of list from server
status None
=== b_wait10 fg= com.ora.ora ===
- Menu
- My trips
- ORA
- Assigned rides
- Jobs from Ora's servers for your approved driver account. This is assigned rides / history — not a marketplace browse.
- Status
- All | All
- Completed | Completed
- Cancelled | Cancelled
- Service
- Any | Any
- Ride | Ride
- Courier | Courier
- Intercity | Intercity
- Move | Move
- Assigned — head to pickup | DRIVER_ASSIGNED | Liberty Market Lahore → Gulberg Lahore | Ride · easy · 2026-10-05 11:54 | Agreed fare Rs 1140
- Ride closed | RIDE_CLOSED | Current location → Liberty Market Gulberg III, Lahore, Pakistan | Ride · easy · 2026-09-29 14:37 | Agreed fare R
- End of list from server
status None
=== b_wait11 fg= com.ora.ora ===
- Menu
- My trips
- ORA
- Assigned rides
- Jobs from Ora's servers for your approved driver account. This is assigned rides / history — not a marketplace browse.
- Status
- All | All
- Completed | Completed
- Cancelled | Cancelled
- Service
- Any | Any
- Ride | Ride
- Courier | Courier
- Intercity | Intercity
- Move | Move
- Assigned — head to pickup | DRIVER_ASSIGNED | Liberty Market Lahore → Gulberg Lahore | Ride · easy · 2026-10-05 11:54 | Agreed fare Rs 1140
- Ride closed | RIDE_CLOSED | Current location → Liberty Market Gulberg III, Lahore, Pakistan | Ride · easy · 2026-09-29 14:37 | Agreed fare R
- End of list from server
status None
=== b_wait12 fg= com.ora.ora ===
- Menu
- My trips
- ORA
- Assigned rides
- Jobs from Ora's servers for your approved driver account. This is assigned rides / history — not a marketplace browse.
- Status
- All | All
- Completed | Completed
- Cancelled | Cancelled
- Service
- Any | Any
- Ride | Ride
- Courier | Courier
- Intercity | Intercity
- Move | Move
- Assigned — head to pickup | DRIVER_ASSIGNED | Liberty Market Lahore → Gulberg Lahore | Ride · easy · 2026-10-05 11:54 | Agreed fare Rs 1140
- Ride closed | RIDE_CLOSED | Current location → Liberty Market Gulberg III, Lahore, Pakistan | Ride · easy · 2026-09-29 14:37 | Agreed fare R
- End of list from server
status None
=== b_wait13 fg= com.ora.ora ===
- Menu
- My trips
- ORA
- Assigned rides
- Jobs from Ora's servers for your approved driver account. This is assigned rides / history — not a marketplace browse.
- Status
- All | All
- Completed | Completed
- Cancelled | Cancelled
- Service
- Any | Any
- Ride | Ride
- Courier | Courier
- Intercity | Intercity
- Move | Move
- Assigned — head to pickup | DRIVER_ASSIGNED | Liberty Market Lahore → Gulberg Lahore | Ride · easy · 2026-10-05 11:54 | Agreed fare Rs 1140
- Ride closed | RIDE_CLOSED | Current location → Liberty Market Gulberg III, Lahore, Pakistan | Ride · easy · 2026-09-29 14:37 | Agreed fare R
- End of list from server
status None
=== b_wait14 fg= com.ora.ora ===
- Menu
- My trips
- ORA
- Assigned rides
- Jobs from Ora's servers for your approved driver account. This is assigned rides / history — not a marketplace browse.
- Status
- All | All
- Completed | Completed
- Cancelled | Cancelled
- Service
- Any | Any
- Ride | Ride
- Courier | Courier
- Intercity | Intercity
- Move | Move
- Assigned — head to pickup | DRIVER_ASSIGNED | Liberty Market Lahore → Gulberg Lahore | Ride · easy · 2026-10-05 11:54 | Agreed fare Rs 1140
- Ride closed | RIDE_CLOSED | Current location → Liberty Market Gulberg III, Lahore, Pakistan | Ride · easy · 2026-09-29 14:37 | Agreed fare R
- End of list from server
status None
