ASSIGN
{
  "ok": true,
  "rideId": "8974b962-e593-4133-9326-88e6e66c8090",
  "state": "DRIVER_ASSIGNED",
  "steps": {
    "base": "https://ora-auth-service-staging-2zmxvrrs7a-uc.a.run.app/v1",
    "driverUid": "SRjL7BJgCKTduhtpjtYMRZMq5fD2",
    "passengerUid": "AQLQjCfBw3W17kfgzziM6po1Nh33",
    "goOnline": {
      "status": 200
    },
    "pricing": {
      "status": 200
    },
    "createRide": {
      "status": 201
    },
    "rideId": "8974b962-e593-4133-9326-88e6e66c8090",
    "createOffer": {
      "status": 201,
      "body": {
        "offerId": "8974b962-e593-4133-9326-88e6e66c8090_SRjL7BJgCKTduhtpjtYMRZMq5fD2_v1",
        "rideId": "8974b962-e593-4133-9326-88e6e66c8090",
        "driverId": "SRjL7BJgCKTduhtpjtYMRZMq5fD2",
        "amountMinor": 114000,
        "currency": "PKR",
        "type": "PASSENGER_PRICE_ACCEPTED",
        "status": "PENDING",
        "requestVersion": 1,
        "expiresAt": "2026-10-05T11:49:50.397Z",
        "driverSnapshot": {
          "displayName": null,
          "role": "driver"
        },
        "createdAt": "2026-10-05T11:46:50.397Z",
        "selectedAt": null,
        "withdrawnAt": null,
        "rideState": "OFFERS_AVAILABLE",
        "rideVersion": 2
      }
    },
    "selectOffer": {
      "status": 200,
      "body": {
        "rideId": "8974b962-e593-4133-9326-88e6e66c8090",
        "state": "DRIVER_ASSIGNED",
        "version": 3,
        "assignedDriverId": "SRjL7BJgCKTduhtpjtYMRZMq5fD2",
        "agreedFareMinor": 114000,
        "agreedOfferId": "8974b962-e593-4133-9326-88e6e66c8090_SRjL7BJgCKTduhtpjtYMRZMq5fD2_v1",
        "currency": "PKR"
      }
    }
  }
}
  bash arg: -p
  bash arg: com.ora.ora
  bash arg: -c
  bash arg: android.intent.category.LAUNCHER
  bash arg: 1
args: [-p, com.ora.ora, -c, android.intent.category.LAUNCHER, 1]
 arg: "-p"
 arg: "com.ora.ora"
 arg: "-c"
 arg: "android.intent.category.LAUNCHER"
 arg: "1"
data="com.ora.ora"
data="android.intent.category.LAUNCHER"
Events injected: 1
## Network stats: elapsed time=70ms (0ms mobile, 0ms wifi, 70ms not connected)
=== boot fg= com.ora.ora ===
- Menu
- ORA
- O
- Where are you headed? | Set pickup & destination
- COMING LATER | Intercity trips across Pakistan cities
- Earn on ORA | Passenger & driver — switch anytime
- Services
- City rides | Zip to Premium
- Intercity | City to city
- Courier | Send anything same day
- Move | Truck + helpers
- Choose a ride | 6 options
- Zip | Bike, fastest way | Fare on request
- Trio | Rickshaw, 3 seats | Fare on request
- Easy | Compact | Fare on request
=== home0 fg= com.ora.ora ===
- Menu
- ORA
- O
- Where are you headed? | Set pickup & destination
- COMING LATER | Intercity trips across Pakistan cities
- Earn on ORA | Passenger & driver — switch anytime
- Services
- City rides | Zip to Premium
- Intercity | City to city
- Courier | Send anything same day
- Move | Truck + helpers
- Choose a ride | 6 options
- Zip | Bike, fastest way | Fare on request
- Trio | Rickshaw, 3 seats | Fare on request
- Easy | Compact | Fare on request
TAP exact Menu  Menu
=== drawer0 fg= com.ora.ora ===
- O
- ORA passenger
- View profile
- Home
- My rides
- Saved places
- Wallet
- Refer & earn | Get Rs 200 per friend
- Safety centre
- Switch to driver mode | Earn with the same account
- Settings
- Help centre
- Log out
TAP  Switch to driver mode  Switch to driver mode|Earn with the same account
=== driver0 fg= com.ora.ora ===
- Menu
- Driver
- HE
- Today's earnings | — | Live payouts connect in a later slice · not invented
- Map zones · coming later
- Available for trips | Go online connects in a later slice
- Open ride requests | Server open-ride list for approved drivers
- Quick actions
- Earnings
- My trips
- Payouts
- Vehicle
- Bonuses
- Hot zones
TEST A deny
TAP exact My trips  My trips
=== trips fg= com.ora.ora ===
- Menu
- My trips
- ORA
- Assigned rides
- Jobs from Ora's servers for your approved driver account. This is assigned rides / history — not a marketplace browse.
- Status
- All | All
- Completed | Completed
- Cancelled | Cancelled
- Service
- Any | Any
- Ride | Ride
- Courier | Courier
- Intercity | Intercity
- Move | Move
- Assigned — head to pickup | DRIVER_ASSIGNED | Liberty Market Lahore → Gulberg Lahore | Ride · easy · 2026-10-05 16:46 | Agreed fare Rs 1140
- Ride cancelled | CANCELLED | Liberty Market Lahore → Gulberg Lahore | Ride · easy · 2026-10-05 16:40 | Agreed fare Rs 1140
- Ride cancelled | CANCELLED | Liberty Market Lahore → Gulberg Lahore | Ride · easy · 2026-10-05 16:30 | Agreed fare Rs 1140
TAP  Assigned — head to pickup  Assigned — head to pickup|DRIVER_ASSIGNED|Liberty Market Lahore → Gulberg Lahor
=== ride_perm_0 fg= com.google.android.permissioncontroller ===
- Allow ORA to access this device’s location?
- Precise
- Approximate
- While using the app
- Only this time
- Don't allow
=== ux_a_dlg fg= com.google.android.permissioncontroller ===
- Allow ORA to access this device’s location?
- Precise
- Approximate
- While using the app
- Only this time
- Don't allow
DENY_TAP coord 540,2121 (fg=permissioncontroller)
DENY_OK fg= com.ora.ora
=== ux_a_0 fg= com.ora.ora ===
- Back
- Assigned ride
- Refresh
- DRIVER_ASSIGNED
- Assigned — head to pickup
- You are assigned to this trip. Mark en route when you leave for pickup.
- Location permission is needed
- Allow location
- Trip
- Liberty Market Lahore → Gulberg Lahore
- Category easy
- Agreed fare Rs 1140
- Updating ride…
- Mark en route | Mark en route
- Cancel ride | Cancel ride
A {'dialogSeen': True, 'dialogDenied': True, 'assignedRideVisible': True, 'status': 'Location permission is needed', 'visibleUiStatusText': 'Location permission is needed', 'hasAllowLocationCta': True, 'seconds': 31.3, 'endlessLoading': False, 'crash': False, 'noNetworkPublish': True, 'technicalLeak': False}
TEST B recovery
TAP exact Allow location  Allow location
=== ux_b_0 fg= com.ora.ora ===
- Back
- Assigned ride
- Refresh
- DRIVER_ASSIGNED
- Assigned — head to pickup
- You are assigned to this trip. Mark en route when you leave for pickup.
- Location is ready
- Trip
- Liberty Market Lahore → Gulberg Lahore
- Category easy
- Agreed fare Rs 1140
- Updating ride…
- Mark en route | Mark en route
- Cancel ride | Cancel ride
status Location is ready
B {'assignedRideVisible': True, 'statusAfterWait': 'Location is ready', 'readyAfterSeconds': 8.8, 'firstAcceptedElapsedMs': 1324, 'watchStarts': 1, 'fixClassifications': 2, 'firstWatchLine': '10-05 16:48:15.168 I/flutter (17460): [INFO] location_watch_started {rideId: 8974b962-e593-4133-9326-88e6e66c8090}', 'firstAcceptedLine': '10-05 16:48:16.492 I/flutter (17460): [INFO] location_fix_classified {rideId: 8974b962-e593-4133-9326-88e6e66c8090, classification: ACCEPTED, accuracyMeters: 18.613000869750977}'}
=== ux_d fg= com.ora.ora ===
- Back
- Assigned ride
- Refresh
- DRIVER_ASSIGNED
- Assigned — head to pickup
- You are assigned to this trip. Mark en route when you leave for pickup.
- Location is ready
- Trip
- Liberty Market Lahore → Gulberg Lahore
- Category easy
- Agreed fare Rs 1140
- Updating ride…
- Mark en route | Mark en route
- Cancel ride | Cancel ride
TEST E
=== ux_e_left fg= com.ora.ora ===
- Menu
- My trips
- ORA
- Assigned rides
- Jobs from Ora's servers for your approved driver account. This is assigned rides / history — not a marketplace browse.
- Status
- All | All
- Completed | Completed
- Cancelled | Cancelled
- Service
- Any | Any
- Ride | Ride
- Courier | Courier
- Intercity | Intercity
- Move | Move
- Assigned — head to pickup | DRIVER_ASSIGNED | Liberty Market Lahore → Gulberg Lahore | Ride · easy · 2026-10-05 16:46 | Agreed fare Rs 1140
- Ride cancelled | CANCELLED | Liberty Market Lahore → Gulberg Lahore | Ride · easy · 2026-10-05 16:40 | Agreed fare Rs 1140
- Ride cancelled | CANCELLED | Liberty Market Lahore → Gulberg Lahore | Ride · easy · 2026-10-05 16:30 | Agreed fare Rs 1140
=== ux_e_0 fg= com.ora.ora ===
- Menu
- My trips
- ORA
- Assigned rides
- Jobs from Ora's servers for your approved driver account. This is assigned rides / history — not a marketplace browse.
- Status
- All | All
- Completed | Completed
- Cancelled | Cancelled
- Service
- Any | Any
- Ride | Ride
- Courier | Courier
- Intercity | Intercity
- Move | Move
- Assigned — head to pickup | DRIVER_ASSIGNED | Liberty Market Lahore → Gulberg Lahore | Ride · easy · 2026-10-05 16:46 | Agreed fare Rs 1140
- Ride cancelled | CANCELLED | Liberty Market Lahore → Gulberg Lahore | Ride · easy · 2026-10-05 16:40 | Agreed fare Rs 1140
- Ride cancelled | CANCELLED | Liberty Market Lahore → Gulberg Lahore | Ride · easy · 2026-10-05 16:30 | Agreed fare Rs 1140
=== ux_e_1 fg= com.ora.ora ===
- Menu
- My trips
- ORA
- Assigned rides
- Jobs from Ora's servers for your approved driver account. This is assigned rides / history — not a marketplace browse.
- Status
- All | All
- Completed | Completed
- Cancelled | Cancelled
- Service
- Any | Any
- Ride | Ride
- Courier | Courier
- Intercity | Intercity
- Move | Move
- Assigned — head to pickup | DRIVER_ASSIGNED | Liberty Market Lahore → Gulberg Lahore | Ride · easy · 2026-10-05 16:46 | Agreed fare Rs 1140
- Ride cancelled | CANCELLED | Liberty Market Lahore → Gulberg Lahore | Ride · easy · 2026-10-05 16:40 | Agreed fare Rs 1140
- Ride cancelled | CANCELLED | Liberty Market Lahore → Gulberg Lahore | Ride · easy · 2026-10-05 16:30 | Agreed fare Rs 1140
=== ux_e_2 fg= com.ora.ora ===
- Menu
- My trips
- ORA
- Assigned rides
- Jobs from Ora's servers for your approved driver account. This is assigned rides / history — not a marketplace browse.
- Status
- All | All
- Completed | Completed
- Cancelled | Cancelled
- Service
- Any | Any
- Ride | Ride
- Courier | Courier
- Intercity | Intercity
- Move | Move
- Assigned — head to pickup | DRIVER_ASSIGNED | Liberty Market Lahore → Gulberg Lahore | Ride · easy · 2026-10-05 16:46 | Agreed fare Rs 1140
- Ride cancelled | CANCELLED | Liberty Market Lahore → Gulberg Lahore | Ride · easy · 2026-10-05 16:40 | Agreed fare Rs 1140
- Ride cancelled | CANCELLED | Liberty Market Lahore → Gulberg Lahore | Ride · easy · 2026-10-05 16:30 | Agreed fare Rs 1140
=== ux_e_3 fg= com.ora.ora ===
- Menu
- My trips
- ORA
- Assigned rides
- Jobs from Ora's servers for your approved driver account. This is assigned rides / history — not a marketplace browse.
- Status
- All | All
- Completed | Completed
- Cancelled | Cancelled
- Service
- Any | Any
- Ride | Ride
- Courier | Courier
- Intercity | Intercity
- Move | Move
- Assigned — head to pickup | DRIVER_ASSIGNED | Liberty Market Lahore → Gulberg Lahore | Ride · easy · 2026-10-05 16:46 | Agreed fare Rs 1140
- Ride cancelled | CANCELLED | Liberty Market Lahore → Gulberg Lahore | Ride · easy · 2026-10-05 16:40 | Agreed fare Rs 1140
- Ride cancelled | CANCELLED | Liberty Market Lahore → Gulberg Lahore | Ride · easy · 2026-10-05 16:30 | Agreed fare Rs 1140
=== ux_e_4 fg= com.ora.ora ===
- Menu
- My trips
- ORA
- Assigned rides
- Jobs from Ora's servers for your approved driver account. This is assigned rides / history — not a marketplace browse.
- Status
- All | All
- Completed | Completed
- Cancelled | Cancelled
- Service
- Any | Any
- Ride | Ride
- Courier | Courier
- Intercity | Intercity
- Move | Move
- Assigned — head to pickup | DRIVER_ASSIGNED | Liberty Market Lahore → Gulberg Lahore | Ride · easy · 2026-10-05 16:46 | Agreed fare Rs 1140
- Ride cancelled | CANCELLED | Liberty Market Lahore → Gulberg Lahore | Ride · easy · 2026-10-05 16:40 | Agreed fare Rs 1140
- Ride cancelled | CANCELLED | Liberty Market Lahore → Gulberg Lahore | Ride · easy · 2026-10-05 16:30 | Agreed fare Rs 1140
=== ux_e_5 fg= com.ora.ora ===
- Menu
- My trips
- ORA
- Assigned rides
- Jobs from Ora's servers for your approved driver account. This is assigned rides / history — not a marketplace browse.
- Status
- All | All
- Completed | Completed
- Cancelled | Cancelled
- Service
- Any | Any
- Ride | Ride
- Courier | Courier
- Intercity | Intercity
- Move | Move
- Assigned — head to pickup | DRIVER_ASSIGNED | Liberty Market Lahore → Gulberg Lahore | Ride · easy · 2026-10-05 16:46 | Agreed fare Rs 1140
- Ride cancelled | CANCELLED | Liberty Market Lahore → Gulberg Lahore | Ride · easy · 2026-10-05 16:40 | Agreed fare Rs 1140
- Ride cancelled | CANCELLED | Liberty Market Lahore → Gulberg Lahore | Ride · easy · 2026-10-05 16:30 | Agreed fare Rs 1140
=== ux_e_6 fg= com.ora.ora ===
- Menu
- My trips
- ORA
- Assigned rides
- Jobs from Ora's servers for your approved driver account. This is assigned rides / history — not a marketplace browse.
- Status
- All | All
- Completed | Completed
- Cancelled | Cancelled
- Service
- Any | Any
- Ride | Ride
- Courier | Courier
- Intercity | Intercity
- Move | Move
- Assigned — head to pickup | DRIVER_ASSIGNED | Liberty Market Lahore → Gulberg Lahore | Ride · easy · 2026-10-05 16:46 | Agreed fare Rs 1140
- Ride cancelled | CANCELLED | Liberty Market Lahore → Gulberg Lahore | Ride · easy · 2026-10-05 16:40 | Agreed fare Rs 1140
- Ride cancelled | CANCELLED | Liberty Market Lahore → Gulberg Lahore | Ride · easy · 2026-10-05 16:30 | Agreed fare Rs 1140
=== ux_e_7 fg= com.ora.ora ===
- Menu
- My trips
- ORA
- Assigned rides
- Jobs from Ora's servers for your approved driver account. This is assigned rides / history — not a marketplace browse.
- Status
- All | All
- Completed | Completed
- Cancelled | Cancelled
- Service
- Any | Any
- Ride | Ride
- Courier | Courier
- Intercity | Intercity
- Move | Move
- Assigned — head to pickup | DRIVER_ASSIGNED | Liberty Market Lahore → Gulberg Lahore | Ride · easy · 2026-10-05 16:46 | Agreed fare Rs 1140
- Ride cancelled | CANCELLED | Liberty Market Lahore → Gulberg Lahore | Ride · easy · 2026-10-05 16:40 | Agreed fare Rs 1140
- Ride cancelled | CANCELLED | Liberty Market Lahore → Gulberg Lahore | Ride · easy · 2026-10-05 16:30 | Agreed fare Rs 1140
=== ux_e_8 fg= com.ora.ora ===
- Menu
- My trips
- ORA
- Assigned rides
- Jobs from Ora's servers for your approved driver account. This is assigned rides / history — not a marketplace browse.
- Status
- All | All
- Completed | Completed
- Cancelled | Cancelled
- Service
- Any | Any
- Ride | Ride
- Courier | Courier
- Intercity | Intercity
- Move | Move
- Assigned — head to pickup | DRIVER_ASSIGNED | Liberty Market Lahore → Gulberg Lahore | Ride · easy · 2026-10-05 16:46 | Agreed fare Rs 1140
- Ride cancelled | CANCELLED | Liberty Market Lahore → Gulberg Lahore | Ride · easy · 2026-10-05 16:40 | Agreed fare Rs 1140
- Ride cancelled | CANCELLED | Liberty Market Lahore → Gulberg Lahore | Ride · easy · 2026-10-05 16:30 | Agreed fare Rs 1140
=== ux_e_9 fg= com.ora.ora ===
- Menu
- My trips
- ORA
- Assigned rides
- Jobs from Ora's servers for your approved driver account. This is assigned rides / history — not a marketplace browse.
- Status
- All | All
- Completed | Completed
- Cancelled | Cancelled
- Service
- Any | Any
- Ride | Ride
- Courier | Courier
- Intercity | Intercity
- Move | Move
- Assigned — head to pickup | DRIVER_ASSIGNED | Liberty Market Lahore → Gulberg Lahore | Ride · easy · 2026-10-05 16:46 | Agreed fare Rs 1140
- Ride cancelled | CANCELLED | Liberty Market Lahore → Gulberg Lahore | Ride · easy · 2026-10-05 16:40 | Agreed fare Rs 1140
- Ride cancelled | CANCELLED | Liberty Market Lahore → Gulberg Lahore | Ride · easy · 2026-10-05 16:30 | Agreed fare Rs 1140
=== ux_e_10 fg= com.ora.ora ===
- Menu
- My trips
- ORA
- Assigned rides
- Jobs from Ora's servers for your approved driver account. This is assigned rides / history — not a marketplace browse.
- Status
- All | All
- Completed | Completed
- Cancelled | Cancelled
- Service
- Any | Any
- Ride | Ride
- Courier | Courier
- Intercity | Intercity
- Move | Move
- Assigned — head to pickup | DRIVER_ASSIGNED | Liberty Market Lahore → Gulberg Lahore | Ride · easy · 2026-10-05 16:46 | Agreed fare Rs 1140
- Ride cancelled | CANCELLED | Liberty Market Lahore → Gulberg Lahore | Ride · easy · 2026-10-05 16:40 | Agreed fare Rs 1140
- Ride cancelled | CANCELLED | Liberty Market Lahore → Gulberg Lahore | Ride · easy · 2026-10-05 16:30 | Agreed fare Rs 1140
=== ux_e_11 fg= com.ora.ora ===
- Menu
- My trips
- ORA
- Assigned rides
- Jobs from Ora's servers for your approved driver account. This is assigned rides / history — not a marketplace browse.
- Status
- All | All
- Completed | Completed
- Cancelled | Cancelled
- Service
- Any | Any
- Ride | Ride
- Courier | Courier
- Intercity | Intercity
- Move | Move
- Assigned — head to pickup | DRIVER_ASSIGNED | Liberty Market Lahore → Gulberg Lahore | Ride · easy · 2026-10-05 16:46 | Agreed fare Rs 1140
- Ride cancelled | CANCELLED | Liberty Market Lahore → Gulberg Lahore | Ride · easy · 2026-10-05 16:40 | Agreed fare Rs 1140
- Ride cancelled | CANCELLED | Liberty Market Lahore → Gulberg Lahore | Ride · easy · 2026-10-05 16:30 | Agreed fare Rs 1140
=== ux_e_12 fg= com.ora.ora ===
- Menu
- My trips
- ORA
- Assigned rides
- Jobs from Ora's servers for your approved driver account. This is assigned rides / history — not a marketplace browse.
- Status
- All | All
- Completed | Completed
- Cancelled | Cancelled
- Service
- Any | Any
- Ride | Ride
- Courier | Courier
- Intercity | Intercity
- Move | Move
- Assigned — head to pickup | DRIVER_ASSIGNED | Liberty Market Lahore → Gulberg Lahore | Ride · easy · 2026-10-05 16:46 | Agreed fare Rs 1140
- Ride cancelled | CANCELLED | Liberty Market Lahore → Gulberg Lahore | Ride · easy · 2026-10-05 16:40 | Agreed fare Rs 1140
- Ride cancelled | CANCELLED | Liberty Market Lahore → Gulberg Lahore | Ride · easy · 2026-10-05 16:30 | Agreed fare Rs 1140
=== ux_e_13 fg= com.ora.ora ===
- Menu
- My trips
- ORA
- Assigned rides
- Jobs from Ora's servers for your approved driver account. This is assigned rides / history — not a marketplace browse.
- Status
- All | All
- Completed | Completed
- Cancelled | Cancelled
- Service
- Any | Any
- Ride | Ride
- Courier | Courier
- Intercity | Intercity
- Move | Move
- Assigned — head to pickup | DRIVER_ASSIGNED | Liberty Market Lahore → Gulberg Lahore | Ride · easy · 2026-10-05 16:46 | Agreed fare Rs 1140
- Ride cancelled | CANCELLED | Liberty Market Lahore → Gulberg Lahore | Ride · easy · 2026-10-05 16:40 | Agreed fare Rs 1140
- Ride cancelled | CANCELLED | Liberty Market Lahore → Gulberg Lahore | Ride · easy · 2026-10-05 16:30 | Agreed fare Rs 1140
=== ux_e_14 fg= com.ora.ora ===
- Menu
- My trips
- ORA
- Assigned rides
- Jobs from Ora's servers for your approved driver account. This is assigned rides / history — not a marketplace browse.
- Status
- All | All
- Completed | Completed
- Cancelled | Cancelled
- Service
- Any | Any
- Ride | Ride
- Courier | Courier
- Intercity | Intercity
- Move | Move
- Assigned — head to pickup | DRIVER_ASSIGNED | Liberty Market Lahore → Gulberg Lahore | Ride · easy · 2026-10-05 16:46 | Agreed fare Rs 1140
- Ride cancelled | CANCELLED | Liberty Market Lahore → Gulberg Lahore | Ride · easy · 2026-10-05 16:40 | Agreed fare Rs 1140
- Ride cancelled | CANCELLED | Liberty Market Lahore → Gulberg Lahore | Ride · easy · 2026-10-05 16:30 | Agreed fare Rs 1140
=== ux_e_15 fg= com.ora.ora ===
- Menu
- My trips
- ORA
- Assigned rides
- Jobs from Ora's servers for your approved driver account. This is assigned rides / history — not a marketplace browse.
- Status
- All | All
- Completed | Completed
- Cancelled | Cancelled
- Service
- Any | Any
- Ride | Ride
- Courier | Courier
- Intercity | Intercity
- Move | Move
- Assigned — head to pickup | DRIVER_ASSIGNED | Liberty Market Lahore → Gulberg Lahore | Ride · easy · 2026-10-05 16:46 | Agreed fare Rs 1140
- Ride cancelled | CANCELLED | Liberty Market Lahore → Gulberg Lahore | Ride · easy · 2026-10-05 16:40 | Agreed fare Rs 1140
- Ride cancelled | CANCELLED | Liberty Market Lahore → Gulberg Lahore | Ride · easy · 2026-10-05 16:30 | Agreed fare Rs 1140
=== ux_e_16 fg= com.ora.ora ===
- Menu
- My trips
- ORA
- Assigned rides
- Jobs from Ora's servers for your approved driver account. This is assigned rides / history — not a marketplace browse.
- Status
- All | All
- Completed | Completed
- Cancelled | Cancelled
- Service
- Any | Any
- Ride | Ride
- Courier | Courier
- Intercity | Intercity
- Move | Move
- Assigned — head to pickup | DRIVER_ASSIGNED | Liberty Market Lahore → Gulberg Lahore | Ride · easy · 2026-10-05 16:46 | Agreed fare Rs 1140
- Ride cancelled | CANCELLED | Liberty Market Lahore → Gulberg Lahore | Ride · easy · 2026-10-05 16:40 | Agreed fare Rs 1140
- Ride cancelled | CANCELLED | Liberty Market Lahore → Gulberg Lahore | Ride · easy · 2026-10-05 16:30 | Agreed fare Rs 1140
=== ux_e_17 fg= com.ora.ora ===
- Menu
- My trips
- ORA
- Assigned rides
- Jobs from Ora's servers for your approved driver account. This is assigned rides / history — not a marketplace browse.
- Status
- All | All
- Completed | Completed
- Cancelled | Cancelled
- Service
- Any | Any
- Ride | Ride
- Courier | Courier
- Intercity | Intercity
- Move | Move
- Assigned — head to pickup | DRIVER_ASSIGNED | Liberty Market Lahore → Gulberg Lahore | Ride · easy · 2026-10-05 16:46 | Agreed fare Rs 1140
- Ride cancelled | CANCELLED | Liberty Market Lahore → Gulberg Lahore | Ride · easy · 2026-10-05 16:40 | Agreed fare Rs 1140
- Ride cancelled | CANCELLED | Liberty Market Lahore → Gulberg Lahore | Ride · easy · 2026-10-05 16:30 | Agreed fare Rs 1140
=== ux_e_18 fg= com.ora.ora ===
- Menu
- My trips
- ORA
- Assigned rides
- Jobs from Ora's servers for your approved driver account. This is assigned rides / history — not a marketplace browse.
- Status
- All | All
- Completed | Completed
- Cancelled | Cancelled
- Service
- Any | Any
- Ride | Ride
- Courier | Courier
- Intercity | Intercity
- Move | Move
- Assigned — head to pickup | DRIVER_ASSIGNED | Liberty Market Lahore → Gulberg Lahore | Ride · easy · 2026-10-05 16:46 | Agreed fare Rs 1140
- Ride cancelled | CANCELLED | Liberty Market Lahore → Gulberg Lahore | Ride · easy · 2026-10-05 16:40 | Agreed fare Rs 1140
- Ride cancelled | CANCELLED | Liberty Market Lahore → Gulberg Lahore | Ride · easy · 2026-10-05 16:30 | Agreed fare Rs 1140
=== ux_e_19 fg= com.ora.ora ===
- Menu
- My trips
- ORA
- Assigned rides
- Jobs from Ora's servers for your approved driver account. This is assigned rides / history — not a marketplace browse.
- Status
- All | All
- Completed | Completed
- Cancelled | Cancelled
- Service
- Any | Any
- Ride | Ride
- Courier | Courier
- Intercity | Intercity
- Move | Move
- Assigned — head to pickup | DRIVER_ASSIGNED | Liberty Market Lahore → Gulberg Lahore | Ride · easy · 2026-10-05 16:46 | Agreed fare Rs 1140
- Ride cancelled | CANCELLED | Liberty Market Lahore → Gulberg Lahore | Ride · easy · 2026-10-05 16:40 | Agreed fare Rs 1140
- Ride cancelled | CANCELLED | Liberty Market Lahore → Gulberg Lahore | Ride · easy · 2026-10-05 16:30 | Agreed fare Rs 1140
E {'assignedRideVisible': True, 'status': None, 'watchStartsAfterReturn': 1}
TEST F
  bash arg: -p
  bash arg: com.ora.ora
  bash arg: -c
  bash arg: android.intent.category.LAUNCHER
  bash arg: 1
args: [-p, com.ora.ora, -c, android.intent.category.LAUNCHER, 1]
 arg: "-p"
 arg: "com.ora.ora"
 arg: "-c"
 arg: "android.intent.category.LAUNCHER"
 arg: "1"
data="com.ora.ora"
data="android.intent.category.LAUNCHER"
Events injected: 1
## Network stats: elapsed time=61ms (0ms mobile, 0ms wifi, 61ms not connected)
=== ux_f0 fg= com.ora.ora ===
- Menu
- My trips
- ORA
- Assigned rides
- Jobs from Ora's servers for your approved driver account. This is assigned rides / history — not a marketplace browse.
- Status
- All | All
- Completed | Completed
- Cancelled | Cancelled
- Service
- Any | Any
- Ride | Ride
- Courier | Courier
- Intercity | Intercity
- Move | Move
- Assigned — head to pickup | DRIVER_ASSIGNED | Liberty Market Lahore → Gulberg Lahore | Ride · easy · 2026-10-05 16:46 | Agreed fare Rs 1140
- Ride cancelled | CANCELLED | Liberty Market Lahore → Gulberg Lahore | Ride · easy · 2026-10-05 16:40 | Agreed fare Rs 1140
- Ride cancelled | CANCELLED | Liberty Market Lahore → Gulberg Lahore | Ride · easy · 2026-10-05 16:30 | Agreed fare Rs 1140
=== ux_f_0 fg= com.ora.ora ===
- Menu
- My trips
- ORA
- Assigned rides
- Jobs from Ora's servers for your approved driver account. This is assigned rides / history — not a marketplace browse.
- Status
- All | All
- Completed | Completed
- Cancelled | Cancelled
- Service
- Any | Any
- Ride | Ride
- Courier | Courier
- Intercity | Intercity
- Move | Move
- Assigned — head to pickup | DRIVER_ASSIGNED | Liberty Market Lahore → Gulberg Lahore | Ride · easy · 2026-10-05 16:46 | Agreed fare Rs 1140
- Ride cancelled | CANCELLED | Liberty Market Lahore → Gulberg Lahore | Ride · easy · 2026-10-05 16:40 | Agreed fare Rs 1140
- Ride cancelled | CANCELLED | Liberty Market Lahore → Gulberg Lahore | Ride · easy · 2026-10-05 16:30 | Agreed fare Rs 1140
=== ux_f_1 fg= com.ora.ora ===
- Menu
- My trips
- ORA
- Assigned rides
- Jobs from Ora's servers for your approved driver account. This is assigned rides / history — not a marketplace browse.
- Status
- All | All
- Completed | Completed
- Cancelled | Cancelled
- Service
- Any | Any
- Ride | Ride
- Courier | Courier
- Intercity | Intercity
- Move | Move
- Assigned — head to pickup | DRIVER_ASSIGNED | Liberty Market Lahore → Gulberg Lahore | Ride · easy · 2026-10-05 16:46 | Agreed fare Rs 1140
- Ride cancelled | CANCELLED | Liberty Market Lahore → Gulberg Lahore | Ride · easy · 2026-10-05 16:40 | Agreed fare Rs 1140
- Ride cancelled | CANCELLED | Liberty Market Lahore → Gulberg Lahore | Ride · easy · 2026-10-05 16:30 | Agreed fare Rs 1140
=== ux_f_2 fg= com.ora.ora ===
- Menu
- My trips
- ORA
- Assigned rides
- Jobs from Ora's servers for your approved driver account. This is assigned rides / history — not a marketplace browse.
- Status
- All | All
- Completed | Completed
- Cancelled | Cancelled
- Service
- Any | Any
- Ride | Ride
- Courier | Courier
- Intercity | Intercity
- Move | Move
- Assigned — head to pickup | DRIVER_ASSIGNED | Liberty Market Lahore → Gulberg Lahore | Ride · easy · 2026-10-05 16:46 | Agreed fare Rs 1140
- Ride cancelled | CANCELLED | Liberty Market Lahore → Gulberg Lahore | Ride · easy · 2026-10-05 16:40 | Agreed fare Rs 1140
- Ride cancelled | CANCELLED | Liberty Market Lahore → Gulberg Lahore | Ride · easy · 2026-10-05 16:30 | Agreed fare Rs 1140
=== ux_f_3 fg= com.ora.ora ===
- Menu
- My trips
- ORA
- Assigned rides
- Jobs from Ora's servers for your approved driver account. This is assigned rides / history — not a marketplace browse.
- Status
- All | All
- Completed | Completed
- Cancelled | Cancelled
- Service
- Any | Any
- Ride | Ride
- Courier | Courier
- Intercity | Intercity
- Move | Move
- Assigned — head to pickup | DRIVER_ASSIGNED | Liberty Market Lahore → Gulberg Lahore | Ride · easy · 2026-10-05 16:46 | Agreed fare Rs 1140
- Ride cancelled | CANCELLED | Liberty Market Lahore → Gulberg Lahore | Ride · easy · 2026-10-05 16:40 | Agreed fare Rs 1140
- Ride cancelled | CANCELLED | Liberty Market Lahore → Gulberg Lahore | Ride · easy · 2026-10-05 16:30 | Agreed fare Rs 1140
=== ux_f_4 fg= com.ora.ora ===
- Menu
- My trips
- ORA
- Assigned rides
- Jobs from Ora's servers for your approved driver account. This is assigned rides / history — not a marketplace browse.
- Status
- All | All
- Completed | Completed
- Cancelled | Cancelled
- Service
- Any | Any
- Ride | Ride
- Courier | Courier
- Intercity | Intercity
- Move | Move
- Assigned — head to pickup | DRIVER_ASSIGNED | Liberty Market Lahore → Gulberg Lahore | Ride · easy · 2026-10-05 16:46 | Agreed fare Rs 1140
- Ride cancelled | CANCELLED | Liberty Market Lahore → Gulberg Lahore | Ride · easy · 2026-10-05 16:40 | Agreed fare Rs 1140
- Ride cancelled | CANCELLED | Liberty Market Lahore → Gulberg Lahore | Ride · easy · 2026-10-05 16:30 | Agreed fare Rs 1140
=== ux_f_5 fg= com.ora.ora ===
- Menu
- My trips
- ORA
- Assigned rides
- Jobs from Ora's servers for your approved driver account. This is assigned rides / history — not a marketplace browse.
- Status
- All | All
- Completed | Completed
- Cancelled | Cancelled
- Service
- Any | Any
- Ride | Ride
- Courier | Courier
- Intercity | Intercity
- Move | Move
- Assigned — head to pickup | DRIVER_ASSIGNED | Liberty Market Lahore → Gulberg Lahore | Ride · easy · 2026-10-05 16:46 | Agreed fare Rs 1140
- Ride cancelled | CANCELLED | Liberty Market Lahore → Gulberg Lahore | Ride · easy · 2026-10-05 16:40 | Agreed fare Rs 1140
- Ride cancelled | CANCELLED | Liberty Market Lahore → Gulberg Lahore | Ride · easy · 2026-10-05 16:30 | Agreed fare Rs 1140
=== ux_f_6 fg= com.ora.ora ===
- Menu
- My trips
- ORA
- Assigned rides
- Jobs from Ora's servers for your approved driver account. This is assigned rides / history — not a marketplace browse.
- Status
- All | All
- Completed | Completed
- Cancelled | Cancelled
- Service
- Any | Any
- Ride | Ride
- Courier | Courier
- Intercity | Intercity
- Move | Move
- Assigned — head to pickup | DRIVER_ASSIGNED | Liberty Market Lahore → Gulberg Lahore | Ride · easy · 2026-10-05 16:46 | Agreed fare Rs 1140
- Ride cancelled | CANCELLED | Liberty Market Lahore → Gulberg Lahore | Ride · easy · 2026-10-05 16:40 | Agreed fare Rs 1140
- Ride cancelled | CANCELLED | Liberty Market Lahore → Gulberg Lahore | Ride · easy · 2026-10-05 16:30 | Agreed fare Rs 1140
=== ux_f_7 fg= com.ora.ora ===
- Menu
- My trips
- ORA
- Assigned rides
- Jobs from Ora's servers for your approved driver account. This is assigned rides / history — not a marketplace browse.
- Status
- All | All
- Completed | Completed
- Cancelled | Cancelled
- Service
- Any | Any
- Ride | Ride
- Courier | Courier
- Intercity | Intercity
- Move | Move
- Assigned — head to pickup | DRIVER_ASSIGNED | Liberty Market Lahore → Gulberg Lahore | Ride · easy · 2026-10-05 16:46 | Agreed fare Rs 1140
- Ride cancelled | CANCELLED | Liberty Market Lahore → Gulberg Lahore | Ride · easy · 2026-10-05 16:40 | Agreed fare Rs 1140
- Ride cancelled | CANCELLED | Liberty Market Lahore → Gulberg Lahore | Ride · easy · 2026-10-05 16:30 | Agreed fare Rs 1140
=== ux_f_8 fg= com.ora.ora ===
- Menu
- My trips
- ORA
- Assigned rides
- Jobs from Ora's servers for your approved driver account. This is assigned rides / history — not a marketplace browse.
- Status
- All | All
- Completed | Completed
- Cancelled | Cancelled
- Service
- Any | Any
- Ride | Ride
- Courier | Courier
- Intercity | Intercity
- Move | Move
- Assigned — head to pickup | DRIVER_ASSIGNED | Liberty Market Lahore → Gulberg Lahore | Ride · easy · 2026-10-05 16:46 | Agreed fare Rs 1140
- Ride cancelled | CANCELLED | Liberty Market Lahore → Gulberg Lahore | Ride · easy · 2026-10-05 16:40 | Agreed fare Rs 1140
- Ride cancelled | CANCELLED | Liberty Market Lahore → Gulberg Lahore | Ride · easy · 2026-10-05 16:30 | Agreed fare Rs 1140
=== ux_f_9 fg= com.ora.ora ===
- Menu
- My trips
- ORA
- Assigned rides
- Jobs from Ora's servers for your approved driver account. This is assigned rides / history — not a marketplace browse.
- Status
- All | All
- Completed | Completed
- Cancelled | Cancelled
- Service
- Any | Any
- Ride | Ride
- Courier | Courier
- Intercity | Intercity
- Move | Move
- Assigned — head to pickup | DRIVER_ASSIGNED | Liberty Market Lahore → Gulberg Lahore | Ride · easy · 2026-10-05 16:46 | Agreed fare Rs 1140
- Ride cancelled | CANCELLED | Liberty Market Lahore → Gulberg Lahore | Ride · easy · 2026-10-05 16:40 | Agreed fare Rs 1140
- Ride cancelled | CANCELLED | Liberty Market Lahore → Gulberg Lahore | Ride · easy · 2026-10-05 16:30 | Agreed fare Rs 1140
=== ux_f_10 fg= com.ora.ora ===
- Menu
- My trips
- ORA
- Assigned rides
- Jobs from Ora's servers for your approved driver account. This is assigned rides / history — not a marketplace browse.
- Status
- All | All
- Completed | Completed
- Cancelled | Cancelled
- Service
- Any | Any
- Ride | Ride
- Courier | Courier
- Intercity | Intercity
- Move | Move
- Assigned — head to pickup | DRIVER_ASSIGNED | Liberty Market Lahore → Gulberg Lahore | Ride · easy · 2026-10-05 16:46 | Agreed fare Rs 1140
- Ride cancelled | CANCELLED | Liberty Market Lahore → Gulberg Lahore | Ride · easy · 2026-10-05 16:40 | Agreed fare Rs 1140
- Ride cancelled | CANCELLED | Liberty Market Lahore → Gulberg Lahore | Ride · easy · 2026-10-05 16:30 | Agreed fare Rs 1140
=== ux_f_11 fg= com.ora.ora ===
- Menu
- My trips
- ORA
- Assigned rides
- Jobs from Ora's servers for your approved driver account. This is assigned rides / history — not a marketplace browse.
- Status
- All | All
- Completed | Completed
- Cancelled | Cancelled
- Service
- Any | Any
- Ride | Ride
- Courier | Courier
- Intercity | Intercity
- Move | Move
- Assigned — head to pickup | DRIVER_ASSIGNED | Liberty Market Lahore → Gulberg Lahore | Ride · easy · 2026-10-05 16:46 | Agreed fare Rs 1140
- Ride cancelled | CANCELLED | Liberty Market Lahore → Gulberg Lahore | Ride · easy · 2026-10-05 16:40 | Agreed fare Rs 1140
- Ride cancelled | CANCELLED | Liberty Market Lahore → Gulberg Lahore | Ride · easy · 2026-10-05 16:30 | Agreed fare Rs 1140
=== ux_f_12 fg= com.ora.ora ===
- Menu
- My trips
- ORA
- Assigned rides
- Jobs from Ora's servers for your approved driver account. This is assigned rides / history — not a marketplace browse.
- Status
- All | All
- Completed | Completed
- Cancelled | Cancelled
- Service
- Any | Any
- Ride | Ride
- Courier | Courier
- Intercity | Intercity
- Move | Move
- Assigned — head to pickup | DRIVER_ASSIGNED | Liberty Market Lahore → Gulberg Lahore | Ride · easy · 2026-10-05 16:46 | Agreed fare Rs 1140
- Ride cancelled | CANCELLED | Liberty Market Lahore → Gulberg Lahore | Ride · easy · 2026-10-05 16:40 | Agreed fare Rs 1140
- Ride cancelled | CANCELLED | Liberty Market Lahore → Gulberg Lahore | Ride · easy · 2026-10-05 16:30 | Agreed fare Rs 1140
=== ux_f_13 fg= com.ora.ora ===
- Menu
- My trips
- ORA
- Assigned rides
- Jobs from Ora's servers for your approved driver account. This is assigned rides / history — not a marketplace browse.
- Status
- All | All
- Completed | Completed
- Cancelled | Cancelled
- Service
- Any | Any
- Ride | Ride
- Courier | Courier
- Intercity | Intercity
- Move | Move
- Assigned — head to pickup | DRIVER_ASSIGNED | Liberty Market Lahore → Gulberg Lahore | Ride · easy · 2026-10-05 16:46 | Agreed fare Rs 1140
- Ride cancelled | CANCELLED | Liberty Market Lahore → Gulberg Lahore | Ride · easy · 2026-10-05 16:40 | Agreed fare Rs 1140
- Ride cancelled | CANCELLED | Liberty Market Lahore → Gulberg Lahore | Ride · easy · 2026-10-05 16:30 | Agreed fare Rs 1140
=== ux_f_14 fg= com.ora.ora ===
- Menu
- My trips
- ORA
- Assigned rides
- Jobs from Ora's servers for your approved driver account. This is assigned rides / history — not a marketplace browse.
- Status
- All | All
- Completed | Completed
- Cancelled | Cancelled
- Service
- Any | Any
- Ride | Ride
- Courier | Courier
- Intercity | Intercity
- Move | Move
- Assigned — head to pickup | DRIVER_ASSIGNED | Liberty Market Lahore → Gulberg Lahore | Ride · easy · 2026-10-05 16:46 | Agreed fare Rs 1140
- Ride cancelled | CANCELLED | Liberty Market Lahore → Gulberg Lahore | Ride · easy · 2026-10-05 16:40 | Agreed fare Rs 1140
- Ride cancelled | CANCELLED | Liberty Market Lahore → Gulberg Lahore | Ride · easy · 2026-10-05 16:30 | Agreed fare Rs 1140
=== ux_f_15 fg= com.ora.ora ===
- Menu
- My trips
- ORA
- Assigned rides
- Jobs from Ora's servers for your approved driver account. This is assigned rides / history — not a marketplace browse.
- Status
- All | All
- Completed | Completed
- Cancelled | Cancelled
- Service
- Any | Any
- Ride | Ride
- Courier | Courier
- Intercity | Intercity
- Move | Move
- Assigned — head to pickup | DRIVER_ASSIGNED | Liberty Market Lahore → Gulberg Lahore | Ride · easy · 2026-10-05 16:46 | Agreed fare Rs 1140
- Ride cancelled | CANCELLED | Liberty Market Lahore → Gulberg Lahore | Ride · easy · 2026-10-05 16:40 | Agreed fare Rs 1140
- Ride cancelled | CANCELLED | Liberty Market Lahore → Gulberg Lahore | Ride · easy · 2026-10-05 16:30 | Agreed fare Rs 1140
=== ux_f_16 fg= com.ora.ora ===
- Menu
- My trips
- ORA
- Assigned rides
- Jobs from Ora's servers for your approved driver account. This is assigned rides / history — not a marketplace browse.
- Status
- All | All
- Completed | Completed
- Cancelled | Cancelled
- Service
- Any | Any
- Ride | Ride
- Courier | Courier
- Intercity | Intercity
- Move | Move
- Assigned — head to pickup | DRIVER_ASSIGNED | Liberty Market Lahore → Gulberg Lahore | Ride · easy · 2026-10-05 16:46 | Agreed fare Rs 1140
- Ride cancelled | CANCELLED | Liberty Market Lahore → Gulberg Lahore | Ride · easy · 2026-10-05 16:40 | Agreed fare Rs 1140
- Ride cancelled | CANCELLED | Liberty Market Lahore → Gulberg Lahore | Ride · easy · 2026-10-05 16:30 | Agreed fare Rs 1140
=== ux_f_17 fg= com.ora.ora ===
- Menu
- My trips
- ORA
- Assigned rides
- Jobs from Ora's servers for your approved driver account. This is assigned rides / history — not a marketplace browse.
- Status
- All | All
- Completed | Completed
- Cancelled | Cancelled
- Service
- Any | Any
- Ride | Ride
- Courier | Courier
- Intercity | Intercity
- Move | Move
- Assigned — head to pickup | DRIVER_ASSIGNED | Liberty Market Lahore → Gulberg Lahore | Ride · easy · 2026-10-05 16:46 | Agreed fare Rs 1140
- Ride cancelled | CANCELLED | Liberty Market Lahore → Gulberg Lahore | Ride · easy · 2026-10-05 16:40 | Agreed fare Rs 1140
- Ride cancelled | CANCELLED | Liberty Market Lahore → Gulberg Lahore | Ride · easy · 2026-10-05 16:30 | Agreed fare Rs 1140
=== ux_f_18 fg= com.ora.ora ===
- Menu
- My trips
- ORA
- Assigned rides
- Jobs from Ora's servers for your approved driver account. This is assigned rides / history — not a marketplace browse.
- Status
- All | All
- Completed | Completed
- Cancelled | Cancelled
- Service
- Any | Any
- Ride | Ride
- Courier | Courier
- Intercity | Intercity
- Move | Move
- Assigned — head to pickup | DRIVER_ASSIGNED | Liberty Market Lahore → Gulberg Lahore | Ride · easy · 2026-10-05 16:46 | Agreed fare Rs 1140
- Ride cancelled | CANCELLED | Liberty Market Lahore → Gulberg Lahore | Ride · easy · 2026-10-05 16:40 | Agreed fare Rs 1140
- Ride cancelled | CANCELLED | Liberty Market Lahore → Gulberg Lahore | Ride · easy · 2026-10-05 16:30 | Agreed fare Rs 1140
=== ux_f_19 fg= com.ora.ora ===
- Menu
- My trips
- ORA
- Assigned rides
- Jobs from Ora's servers for your approved driver account. This is assigned rides / history — not a marketplace browse.
- Status
- All | All
- Completed | Completed
- Cancelled | Cancelled
- Service
- Any | Any
- Ride | Ride
- Courier | Courier
- Intercity | Intercity
- Move | Move
- Assigned — head to pickup | DRIVER_ASSIGNED | Liberty Market Lahore → Gulberg Lahore | Ride · easy · 2026-10-05 16:46 | Agreed fare Rs 1140
- Ride cancelled | CANCELLED | Liberty Market Lahore → Gulberg Lahore | Ride · easy · 2026-10-05 16:40 | Agreed fare Rs 1140
- Ride cancelled | CANCELLED | Liberty Market Lahore → Gulberg Lahore | Ride · easy · 2026-10-05 16:30 | Agreed fare Rs 1140
F {'assignedRideVisible': True, 'status': None, 'watchStopsIncreasedOnBackground': False}
TEST G cancel-while-active
=== ux_g_ready0 fg= com.ora.ora ===
- Menu
- My trips
- ORA
- Assigned rides
- Jobs from Ora's servers for your approved driver account. This is assigned rides / history — not a marketplace browse.
- Status
- All | All
- Completed | Completed
- Cancelled | Cancelled
- Service
- Any | Any
- Ride | Ride
- Courier | Courier
- Intercity | Intercity
- Move | Move
- Assigned — head to pickup | DRIVER_ASSIGNED | Liberty Market Lahore → Gulberg Lahore | Ride · easy · 2026-10-05 16:46 | Agreed fare Rs 1140
- Ride cancelled | CANCELLED | Liberty Market Lahore → Gulberg Lahore | Ride · easy · 2026-10-05 16:40 | Agreed fare Rs 1140
- Ride cancelled | CANCELLED | Liberty Market Lahore → Gulberg Lahore | Ride · easy · 2026-10-05 16:30 | Agreed fare Rs 1140
=== ux_g_ready1 fg= com.ora.ora ===
- Menu
- My trips
- ORA
- Assigned rides
- Jobs from Ora's servers for your approved driver account. This is assigned rides / history — not a marketplace browse.
- Status
- All | All
- Completed | Completed
- Cancelled | Cancelled
- Service
- Any | Any
- Ride | Ride
- Courier | Courier
- Intercity | Intercity
- Move | Move
- Assigned — head to pickup | DRIVER_ASSIGNED | Liberty Market Lahore → Gulberg Lahore | Ride · easy · 2026-10-05 16:46 | Agreed fare Rs 1140
- Ride cancelled | CANCELLED | Liberty Market Lahore → Gulberg Lahore | Ride · easy · 2026-10-05 16:40 | Agreed fare Rs 1140
- Ride cancelled | CANCELLED | Liberty Market Lahore → Gulberg Lahore | Ride · easy · 2026-10-05 16:30 | Agreed fare Rs 1140
=== ux_g_ready2 fg= com.ora.ora ===
- Menu
- My trips
- ORA
- Assigned rides
- Jobs from Ora's servers for your approved driver account. This is assigned rides / history — not a marketplace browse.
- Status
- All | All
- Completed | Completed
- Cancelled | Cancelled
- Service
- Any | Any
- Ride | Ride
- Courier | Courier
- Intercity | Intercity
- Move | Move
- Assigned — head to pickup | DRIVER_ASSIGNED | Liberty Market Lahore → Gulberg Lahore | Ride · easy · 2026-10-05 16:46 | Agreed fare Rs 1140
- Ride cancelled | CANCELLED | Liberty Market Lahore → Gulberg Lahore | Ride · easy · 2026-10-05 16:40 | Agreed fare Rs 1140
- Ride cancelled | CANCELLED | Liberty Market Lahore → Gulberg Lahore | Ride · easy · 2026-10-05 16:30 | Agreed fare Rs 1140
=== ux_g_ready3 fg= com.ora.ora ===
- Menu
- My trips
- ORA
- Assigned rides
- Jobs from Ora's servers for your approved driver account. This is assigned rides / history — not a marketplace browse.
- Status
- All | All
- Completed | Completed
- Cancelled | Cancelled
- Service
- Any | Any
- Ride | Ride
- Courier | Courier
- Intercity | Intercity
- Move | Move
- Assigned — head to pickup | DRIVER_ASSIGNED | Liberty Market Lahore → Gulberg Lahore | Ride · easy · 2026-10-05 16:46 | Agreed fare Rs 1140
- Ride cancelled | CANCELLED | Liberty Market Lahore → Gulberg Lahore | Ride · easy · 2026-10-05 16:40 | Agreed fare Rs 1140
- Ride cancelled | CANCELLED | Liberty Market Lahore → Gulberg Lahore | Ride · easy · 2026-10-05 16:30 | Agreed fare Rs 1140
=== ux_g_ready4 fg= com.ora.ora ===
- Menu
- My trips
- ORA
- Assigned rides
- Jobs from Ora's servers for your approved driver account. This is assigned rides / history — not a marketplace browse.
- Status
- All | All
- Completed | Completed
- Cancelled | Cancelled
- Service
- Any | Any
- Ride | Ride
- Courier | Courier
- Intercity | Intercity
- Move | Move
- Assigned — head to pickup | DRIVER_ASSIGNED | Liberty Market Lahore → Gulberg Lahore | Ride · easy · 2026-10-05 16:46 | Agreed fare Rs 1140
- Ride cancelled | CANCELLED | Liberty Market Lahore → Gulberg Lahore | Ride · easy · 2026-10-05 16:40 | Agreed fare Rs 1140
- Ride cancelled | CANCELLED | Liberty Market Lahore → Gulberg Lahore | Ride · easy · 2026-10-05 16:30 | Agreed fare Rs 1140
=== ux_g_ready5 fg= com.ora.ora ===
- Menu
- My trips
- ORA
- Assigned rides
- Jobs from Ora's servers for your approved driver account. This is assigned rides / history — not a marketplace browse.
- Status
- All | All
- Completed | Completed
- Cancelled | Cancelled
- Service
- Any | Any
- Ride | Ride
- Courier | Courier
- Intercity | Intercity
- Move | Move
- Assigned — head to pickup | DRIVER_ASSIGNED | Liberty Market Lahore → Gulberg Lahore | Ride · easy · 2026-10-05 16:46 | Agreed fare Rs 1140
- Ride cancelled | CANCELLED | Liberty Market Lahore → Gulberg Lahore | Ride · easy · 2026-10-05 16:40 | Agreed fare Rs 1140
- Ride cancelled | CANCELLED | Liberty Market Lahore → Gulberg Lahore | Ride · easy · 2026-10-05 16:30 | Agreed fare Rs 1140
=== ux_g_ready6 fg= com.ora.ora ===
- Menu
- My trips
- ORA
- Assigned rides
- Jobs from Ora's servers for your approved driver account. This is assigned rides / history — not a marketplace browse.
- Status
- All | All
- Completed | Completed
- Cancelled | Cancelled
- Service
- Any | Any
- Ride | Ride
- Courier | Courier
- Intercity | Intercity
- Move | Move
- Assigned — head to pickup | DRIVER_ASSIGNED | Liberty Market Lahore → Gulberg Lahore | Ride · easy · 2026-10-05 16:46 | Agreed fare Rs 1140
- Ride cancelled | CANCELLED | Liberty Market Lahore → Gulberg Lahore | Ride · easy · 2026-10-05 16:40 | Agreed fare Rs 1140
- Ride cancelled | CANCELLED | Liberty Market Lahore → Gulberg Lahore | Ride · easy · 2026-10-05 16:30 | Agreed fare Rs 1140
=== ux_g_ready7 fg= com.ora.ora ===
- Menu
- My trips
- ORA
- Assigned rides
- Jobs from Ora's servers for your approved driver account. This is assigned rides / history — not a marketplace browse.
- Status
- All | All
- Completed | Completed
- Cancelled | Cancelled
- Service
- Any | Any
- Ride | Ride
- Courier | Courier
- Intercity | Intercity
- Move | Move
- Assigned — head to pickup | DRIVER_ASSIGNED | Liberty Market Lahore → Gulberg Lahore | Ride · easy · 2026-10-05 16:46 | Agreed fare Rs 1140
- Ride cancelled | CANCELLED | Liberty Market Lahore → Gulberg Lahore | Ride · easy · 2026-10-05 16:40 | Agreed fare Rs 1140
- Ride cancelled | CANCELLED | Liberty Market Lahore → Gulberg Lahore | Ride · easy · 2026-10-05 16:30 | Agreed fare Rs 1140
=== ux_g_ready8 fg= com.ora.ora ===
- Menu
- My trips
- ORA
- Assigned rides
- Jobs from Ora's servers for your approved driver account. This is assigned rides / history — not a marketplace browse.
- Status
- All | All
- Completed | Completed
- Cancelled | Cancelled
- Service
- Any | Any
- Ride | Ride
- Courier | Courier
- Intercity | Intercity
- Move | Move
- Assigned — head to pickup | DRIVER_ASSIGNED | Liberty Market Lahore → Gulberg Lahore | Ride · easy · 2026-10-05 16:46 | Agreed fare Rs 1140
- Ride cancelled | CANCELLED | Liberty Market Lahore → Gulberg Lahore | Ride · easy · 2026-10-05 16:40 | Agreed fare Rs 1140
- Ride cancelled | CANCELLED | Liberty Market Lahore → Gulberg Lahore | Ride · easy · 2026-10-05 16:30 | Agreed fare Rs 1140
=== ux_g_ready9 fg= com.ora.ora ===
- Menu
- My trips
- ORA
- Assigned rides
- Jobs from Ora's servers for your approved driver account. This is assigned rides / history — not a marketplace browse.
- Status
- All | All
- Completed | Completed
- Cancelled | Cancelled
- Service
- Any | Any
- Ride | Ride
- Courier | Courier
- Intercity | Intercity
- Move | Move
- Assigned — head to pickup | DRIVER_ASSIGNED | Liberty Market Lahore → Gulberg Lahore | Ride · easy · 2026-10-05 16:46 | Agreed fare Rs 1140
- Ride cancelled | CANCELLED | Liberty Market Lahore → Gulberg Lahore | Ride · easy · 2026-10-05 16:40 | Agreed fare Rs 1140
- Ride cancelled | CANCELLED | Liberty Market Lahore → Gulberg Lahore | Ride · easy · 2026-10-05 16:30 | Agreed fare Rs 1140
=== ux_g_ready10 fg= com.ora.ora ===
- Menu
- My trips
- ORA
- Assigned rides
- Jobs from Ora's servers for your approved driver account. This is assigned rides / history — not a marketplace browse.
- Status
- All | All
- Completed | Completed
- Cancelled | Cancelled
- Service
- Any | Any
- Ride | Ride
- Courier | Courier
- Intercity | Intercity
- Move | Move
- Assigned — head to pickup | DRIVER_ASSIGNED | Liberty Market Lahore → Gulberg Lahore | Ride · easy · 2026-10-05 16:46 | Agreed fare Rs 1140
- Ride cancelled | CANCELLED | Liberty Market Lahore → Gulberg Lahore | Ride · easy · 2026-10-05 16:40 | Agreed fare Rs 1140
- Ride cancelled | CANCELLED | Liberty Market Lahore → Gulberg Lahore | Ride · easy · 2026-10-05 16:30 | Agreed fare Rs 1140
=== ux_g_ready11 fg= com.ora.ora ===
- Menu
- My trips
- ORA
- Assigned rides
- Jobs from Ora's servers for your approved driver account. This is assigned rides / history — not a marketplace browse.
- Status
- All | All
- Completed | Completed
- Cancelled | Cancelled
- Service
- Any | Any
- Ride | Ride
- Courier | Courier
- Intercity | Intercity
- Move | Move
- Assigned — head to pickup | DRIVER_ASSIGNED | Liberty Market Lahore → Gulberg Lahore | Ride · easy · 2026-10-05 16:46 | Agreed fare Rs 1140
- Ride cancelled | CANCELLED | Liberty Market Lahore → Gulberg Lahore | Ride · easy · 2026-10-05 16:40 | Agreed fare Rs 1140
- Ride cancelled | CANCELLED | Liberty Market Lahore → Gulberg Lahore | Ride · easy · 2026-10-05 16:30 | Agreed fare Rs 1140
=== ux_g_ready12 fg= com.ora.ora ===
- Menu
- My trips
- ORA
- Assigned rides
- Jobs from Ora's servers for your approved driver account. This is assigned rides / history — not a marketplace browse.
- Status
- All | All
- Completed | Completed
- Cancelled | Cancelled
- Service
- Any | Any
- Ride | Ride
- Courier | Courier
- Intercity | Intercity
- Move | Move
- Assigned — head to pickup | DRIVER_ASSIGNED | Liberty Market Lahore → Gulberg Lahore | Ride · easy · 2026-10-05 16:46 | Agreed fare Rs 1140
- Ride cancelled | CANCELLED | Liberty Market Lahore → Gulberg Lahore | Ride · easy · 2026-10-05 16:40 | Agreed fare Rs 1140
- Ride cancelled | CANCELLED | Liberty Market Lahore → Gulberg Lahore | Ride · easy · 2026-10-05 16:30 | Agreed fare Rs 1140
=== ux_g_ready13 fg= com.ora.ora ===
- Menu
- My trips
- ORA
- Assigned rides
- Jobs from Ora's servers for your approved driver account. This is assigned rides / history — not a marketplace browse.
- Status
- All | All
- Completed | Completed
- Cancelled | Cancelled
- Service
- Any | Any
- Ride | Ride
- Courier | Courier
- Intercity | Intercity
- Move | Move
- Assigned — head to pickup | DRIVER_ASSIGNED | Liberty Market Lahore → Gulberg Lahore | Ride · easy · 2026-10-05 16:46 | Agreed fare Rs 1140
- Ride cancelled | CANCELLED | Liberty Market Lahore → Gulberg Lahore | Ride · easy · 2026-10-05 16:40 | Agreed fare Rs 1140
- Ride cancelled | CANCELLED | Liberty Market Lahore → Gulberg Lahore | Ride · easy · 2026-10-05 16:30 | Agreed fare Rs 1140
=== ux_g_ready14 fg= com.ora.ora ===
- Menu
- My trips
- ORA
- Assigned rides
- Jobs from Ora's servers for your approved driver account. This is assigned rides / history — not a marketplace browse.
- Status
- All | All
- Completed | Completed
- Cancelled | Cancelled
- Service
- Any | Any
- Ride | Ride
- Courier | Courier
- Intercity | Intercity
- Move | Move
- Assigned — head to pickup | DRIVER_ASSIGNED | Liberty Market Lahore → Gulberg Lahore | Ride · easy · 2026-10-05 16:46 | Agreed fare Rs 1140
- Ride cancelled | CANCELLED | Liberty Market Lahore → Gulberg Lahore | Ride · easy · 2026-10-05 16:40 | Agreed fare Rs 1140
- Ride cancelled | CANCELLED | Liberty Market Lahore → Gulberg Lahore | Ride · easy · 2026-10-05 16:30 | Agreed fare Rs 1140
=== ux_g_ready15 fg= com.ora.ora ===
- Menu
- My trips
- ORA
- Assigned rides
- Jobs from Ora's servers for your approved driver account. This is assigned rides / history — not a marketplace browse.
- Status
- All | All
- Completed | Completed
- Cancelled | Cancelled
- Service
- Any | Any
- Ride | Ride
- Courier | Courier
- Intercity | Intercity
- Move | Move
- Assigned — head to pickup | DRIVER_ASSIGNED | Liberty Market Lahore → Gulberg Lahore | Ride · easy · 2026-10-05 16:46 | Agreed fare Rs 1140
- Ride cancelled | CANCELLED | Liberty Market Lahore → Gulberg Lahore | Ride · easy · 2026-10-05 16:40 | Agreed fare Rs 1140
- Ride cancelled | CANCELLED | Liberty Market Lahore → Gulberg Lahore | Ride · easy · 2026-10-05 16:30 | Agreed fare Rs 1140
=== ux_g_ready16 fg= com.ora.ora ===
- Menu
- My trips
- ORA
- Assigned rides
- Jobs from Ora's servers for your approved driver account. This is assigned rides / history — not a marketplace browse.
- Status
- All | All
- Completed | Completed
- Cancelled | Cancelled
- Service
- Any | Any
- Ride | Ride
- Courier | Courier
- Intercity | Intercity
- Move | Move
- Assigned — head to pickup | DRIVER_ASSIGNED | Liberty Market Lahore → Gulberg Lahore | Ride · easy · 2026-10-05 16:46 | Agreed fare Rs 1140
- Ride cancelled | CANCELLED | Liberty Market Lahore → Gulberg Lahore | Ride · easy · 2026-10-05 16:40 | Agreed fare Rs 1140
- Ride cancelled | CANCELLED | Liberty Market Lahore → Gulberg Lahore | Ride · easy · 2026-10-05 16:30 | Agreed fare Rs 1140
=== ux_g_ready17 fg= com.ora.ora ===
- Menu
- My trips
- ORA
- Assigned rides
- Jobs from Ora's servers for your approved driver account. This is assigned rides / history — not a marketplace browse.
- Status
- All | All
- Completed | Completed
- Cancelled | Cancelled
- Service
- Any | Any
- Ride | Ride
- Courier | Courier
- Intercity | Intercity
- Move | Move
- Assigned — head to pickup | DRIVER_ASSIGNED | Liberty Market Lahore → Gulberg Lahore | Ride · easy · 2026-10-05 16:46 | Agreed fare Rs 1140
- Ride cancelled | CANCELLED | Liberty Market Lahore → Gulberg Lahore | Ride · easy · 2026-10-05 16:40 | Agreed fare Rs 1140
- Ride cancelled | CANCELLED | Liberty Market Lahore → Gulberg Lahore | Ride · easy · 2026-10-05 16:30 | Agreed fare Rs 1140
=== ux_g_ready18 fg= com.ora.ora ===
- Menu
- My trips
- ORA
- Assigned rides
- Jobs from Ora's servers for your approved driver account. This is assigned rides / history — not a marketplace browse.
- Status
- All | All
- Completed | Completed
- Cancelled | Cancelled
- Service
- Any | Any
- Ride | Ride
- Courier | Courier
- Intercity | Intercity
- Move | Move
- Assigned — head to pickup | DRIVER_ASSIGNED | Liberty Market Lahore → Gulberg Lahore | Ride · easy · 2026-10-05 16:46 | Agreed fare Rs 1140
- Ride cancelled | CANCELLED | Liberty Market Lahore → Gulberg Lahore | Ride · easy · 2026-10-05 16:40 | Agreed fare Rs 1140
- Ride cancelled | CANCELLED | Liberty Market Lahore → Gulberg Lahore | Ride · easy · 2026-10-05 16:30 | Agreed fare Rs 1140
=== ux_g_ready19 fg= com.ora.ora ===
- Menu
- My trips
- ORA
- Assigned rides
- Jobs from Ora's servers for your approved driver account. This is assigned rides / history — not a marketplace browse.
- Status
- All | All
- Completed | Completed
- Cancelled | Cancelled
- Service
- Any | Any
- Ride | Ride
- Courier | Courier
- Intercity | Intercity
- Move | Move
- Assigned — head to pickup | DRIVER_ASSIGNED | Liberty Market Lahore → Gulberg Lahore | Ride · easy · 2026-10-05 16:46 | Agreed fare Rs 1140
- Ride cancelled | CANCELLED | Liberty Market Lahore → Gulberg Lahore | Ride · easy · 2026-10-05 16:40 | Agreed fare Rs 1140
- Ride cancelled | CANCELLED | Liberty Market Lahore → Gulberg Lahore | Ride · easy · 2026-10-05 16:30 | Agreed fare Rs 1140
=== ux_g1 fg= com.ora.ora ===
- Menu
- My trips
- ORA
- Assigned rides
- Jobs from Ora's servers for your approved driver account. This is assigned rides / history — not a marketplace browse.
- Status
- All | All
- Completed | Completed
- Cancelled | Cancelled
- Service
- Any | Any
- Ride | Ride
- Courier | Courier
- Intercity | Intercity
- Move | Move
- Assigned — head to pickup | DRIVER_ASSIGNED | Liberty Market Lahore → Gulberg Lahore | Ride · easy · 2026-10-05 16:46 | Agreed fare Rs 1140
- Ride cancelled | CANCELLED | Liberty Market Lahore → Gulberg Lahore | Ride · easy · 2026-10-05 16:40 | Agreed fare Rs 1140
- Ride cancelled | CANCELLED | Liberty Market Lahore → Gulberg Lahore | Ride · easy · 2026-10-05 16:30 | Agreed fare Rs 1140
=== ux_g2 fg= com.ora.ora ===
- Menu
- My trips
- ORA
- Assigned rides
- Jobs from Ora's servers for your approved driver account. This is assigned rides / history — not a marketplace browse.
- Status
- All | All
- Completed | Completed
- Cancelled | Cancelled
- Service
- Any | Any
- Ride | Ride
- Courier | Courier
- Intercity | Intercity
- Move | Move
- Assigned — head to pickup | DRIVER_ASSIGNED | Liberty Market Lahore → Gulberg Lahore | Ride · easy · 2026-10-05 16:46 | Agreed fare Rs 1140
- Ride cancelled | CANCELLED | Liberty Market Lahore → Gulberg Lahore | Ride · easy · 2026-10-05 16:40 | Agreed fare Rs 1140
- Ride cancelled | CANCELLED | Liberty Market Lahore → Gulberg Lahore | Ride · easy · 2026-10-05 16:30 | Agreed fare Rs 1140
=== ux_gt0 fg= com.ora.ora ===
- Back
- Assigned ride
- Refresh
- DRIVER_ASSIGNED
- Assigned — head to pickup
- You are assigned to this trip. Mark en route when you leave for pickup.
- Location is ready
- Trip
- Liberty Market Lahore → Gulberg Lahore
- Category easy
- Agreed fare Rs 1140
- Updating ride…
- Mark en route | Mark en route
- Cancel ride | Cancel ride
=== ux_gt1 fg= com.ora.ora ===
- Back
- Assigned ride
- Refresh
- DRIVER_ASSIGNED
- Assigned — head to pickup
- You are assigned to this trip. Mark en route when you leave for pickup.
- Location is ready
- Trip
- Liberty Market Lahore → Gulberg Lahore
- Category easy
- Agreed fare Rs 1140
- Updating ride…
- Mark en route | Mark en route
- Cancel ride | Cancel ride
=== ux_gt2 fg= com.ora.ora ===
- Back
- Assigned ride
- Refresh
- DRIVER_ASSIGNED
- Assigned — head to pickup
- You are assigned to this trip. Mark en route when you leave for pickup.
- Location is ready
- Trip
- Liberty Market Lahore → Gulberg Lahore
- Category easy
- Agreed fare Rs 1140
- Updating ride…
- Mark en route | Mark en route
- Cancel ride | Cancel ride
=== ux_gt3 fg= com.ora.ora ===
- Back
- Assigned ride
- Refresh
- DRIVER_ASSIGNED
- Assigned — head to pickup
- You are assigned to this trip. Mark en route when you leave for pickup.
- Location is ready
- Trip
- Liberty Market Lahore → Gulberg Lahore
- Category easy
- Agreed fare Rs 1140
- Updating ride…
- Mark en route | Mark en route
- Cancel ride | Cancel ride
=== ux_gt4 fg= com.ora.ora ===
- Back
- Assigned ride
- Refresh
- DRIVER_ASSIGNED
- Assigned — head to pickup
- You are assigned to this trip. Mark en route when you leave for pickup.
- Location is ready
- Trip
- Liberty Market Lahore → Gulberg Lahore
- Category easy
- Agreed fare Rs 1140
- Updating ride…
- Mark en route | Mark en route
- Cancel ride | Cancel ride
=== ux_gt5 fg= com.ora.ora ===
- Back
- Assigned ride
- Refresh
- DRIVER_ASSIGNED
- Assigned — head to pickup
- You are assigned to this trip. Mark en route when you leave for pickup.
- Location is ready
- Trip
- Liberty Market Lahore → Gulberg Lahore
- Category easy
- Agreed fare Rs 1140
- Updating ride…
- Mark en route | Mark en route
- Cancel ride | Cancel ride
=== ux_gt6 fg= com.ora.ora ===
- Back
- Assigned ride
- Refresh
- DRIVER_ASSIGNED
- Assigned — head to pickup
- You are assigned to this trip. Mark en route when you leave for pickup.
- Location is ready
- Trip
- Liberty Market Lahore → Gulberg Lahore
- Category easy
- Agreed fare Rs 1140
- Updating ride…
- Mark en route | Mark en route
- Cancel ride | Cancel ride
=== ux_gt7 fg= com.ora.ora ===
- Back
- Assigned ride
- Refresh
- DRIVER_ASSIGNED
- Assigned — head to pickup
- You are assigned to this trip. Mark en route when you leave for pickup.
- Location is ready
- Trip
- Liberty Market Lahore → Gulberg Lahore
- Category easy
- Agreed fare Rs 1140
- Updating ride…
- Mark en route | Mark en route
- Cancel ride | Cancel ride
=== ux_gt8 fg= com.ora.ora ===
- Back
- Assigned ride
- Refresh
- DRIVER_ASSIGNED
- Assigned — head to pickup
- You are assigned to this trip. Mark en route when you leave for pickup.
- Location is ready
- Trip
- Liberty Market Lahore → Gulberg Lahore
- Category easy
- Agreed fare Rs 1140
- Updating ride…
- Mark en route | Mark en route
- Cancel ride | Cancel ride
=== ux_gt9 fg= com.ora.ora ===
- Back
- Assigned ride
- Refresh
- DRIVER_ASSIGNED
- Assigned — head to pickup
- You are assigned to this trip. Mark en route when you leave for pickup.
- Location is ready
- Trip
- Liberty Market Lahore → Gulberg Lahore
- Category easy
- Agreed fare Rs 1140
- Updating ride…
- Mark en route | Mark en route
- Cancel ride | Cancel ride
=== ux_gt10 fg= com.ora.ora ===
- Back
- Assigned ride
- Refresh
- DRIVER_ASSIGNED
- Assigned — head to pickup
- You are assigned to this trip. Mark en route when you leave for pickup.
- Location is ready
- Trip
- Liberty Market Lahore → Gulberg Lahore
- Category easy
- Agreed fare Rs 1140
- Updating ride…
- Mark en route | Mark en route
- Cancel ride | Cancel ride
=== ux_gt11 fg= com.ora.ora ===
- Back
- Assigned ride
- Refresh
- DRIVER_ASSIGNED
- Assigned — head to pickup
- You are assigned to this trip. Mark en route when you leave for pickup.
- Location is ready
- Trip
- Liberty Market Lahore → Gulberg Lahore
- Category easy
- Agreed fare Rs 1140
- Updating ride…
- Mark en route | Mark en route
- Cancel ride | Cancel ride
=== ux_gt12 fg= com.ora.ora ===
- Back
- Assigned ride
- Refresh
- DRIVER_ASSIGNED
- Assigned — head to pickup
- You are assigned to this trip. Mark en route when you leave for pickup.
- Location is ready
- Trip
- Liberty Market Lahore → Gulberg Lahore
- Category easy
- Agreed fare Rs 1140
- Updating ride…
- Mark en route | Mark en route
- Cancel ride | Cancel ride
=== ux_gt13 fg= com.ora.ora ===
- Back
- Assigned ride
- Refresh
- DRIVER_ASSIGNED
- Assigned — head to pickup
- You are assigned to this trip. Mark en route when you leave for pickup.
- Location is ready
- Trip
- Liberty Market Lahore → Gulberg Lahore
- Category easy
- Agreed fare Rs 1140
- Updating ride…
- Mark en route | Mark en route
- Cancel ride | Cancel ride
=== ux_gt14 fg= com.ora.ora ===
- Back
- Assigned ride
- Refresh
- DRIVER_ASSIGNED
- Assigned — head to pickup
- You are assigned to this trip. Mark en route when you leave for pickup.
- Location is ready
- Trip
- Liberty Market Lahore → Gulberg Lahore
- Category easy
- Agreed fare Rs 1140
- Updating ride…
- Mark en route | Mark en route
- Cancel ride | Cancel ride
G {'activeWatchBeforeCancel': True, 'acceptedFixesBeforeCancel': 68, 'uiTextHasCancelled': False, 'onAssignedRideDetail': True, 'visibleTerminalText': None, 'watchStoppedOnCancel': False, 'metricsBefore': {'watch_starts': 1, 'watch_stops': 0, 'fix_classifications': 69, 'classification_counts': {'ACCEPTED': 68, 'POOR_ACCURACY': 1}, 'first_watch_line': '10-05 16:48:15.168 I/flutter (17460): [INFO] location_watch_started {rideId: 8974b962-e593-4133-9326-88e6e66c8090}', 'first_stop_line': None, 'first_fix_line': '10-05 16:48:16.492 I/flutter (17460): [INFO] location_fix_classified {rideId: 8974b962-e593-4133-9326-88e6e66c8090, classification: ACCEPTED, accuracyMeters: 18.613000869750977}', 'first_accepted_line': '10-05 16:48:16.492 I/flutter (17460): [INFO] location_fix_classified {rideId: 8974b962-e593-4133-9326-88e6e66c8090, classification: ACCEPTED, accuracyMeters: 18.613000869750977}', 'start_lines': ['10-05 16:48:15.168 I/flutter (17460): [INFO] location_watch_started {rideId: 8974b962-e593-4133-9326-88e6e66c8090}'], 'stop_lines': [], 'geolocator_starts': 1, 'geolocator_stops': 0}, 'metrics': {'watch_starts': 1, 'watch_stops': 0, 'fix_classifications': 86, 'classification_counts': {'ACCEPTED': 85, 'POOR_ACCURACY': 1}, 'first_watch_line': '10-05 16:48:15.168 I/flutter (17460): [INFO] location_watch_started {rideId: 8974b962-e593-4133-9326-88e6e66c8090}', 'first_stop_line': None, 'first_fix_line': '10-05 16:48:16.492 I/flutter (17460): [INFO] location_fix_classified {rideId: 8974b962-e593-4133-9326-88e6e66c8090, classification: ACCEPTED, accuracyMeters: 18.613000869750977}', 'first_accepted_line': '10-05 16:48:16.492 I/flutter (17460): [INFO] location_fix_classified {rideId: 8974b962-e593-4133-9326-88e6e66c8090, classification: ACCEPTED, accuracyMeters: 18.613000869750977}', 'start_lines': ['10-05 16:48:15.168 I/flutter (17460): [INFO] location_watch_started {rideId: 8974b962-e593-4133-9326-88e6e66c8090}'], 'stop_lines': [], 'geolocator_starts': 1, 'geolocator_stops': 0}, 'noBackgroundBetweenReadyAndCancel': True}
=== ux_g_home fg= com.ora.ora ===
- Menu
- My trips
- ORA
- Assigned rides
- Jobs from Ora's servers for your approved driver account. This is assigned rides / history — not a marketplace browse.
- Status
- All | All
- Completed | Completed
- Cancelled | Cancelled
- Service
- Any | Any
- Ride | Ride
- Courier | Courier
- Intercity | Intercity
- Move | Move
- Assigned — head to pickup | DRIVER_ASSIGNED | Liberty Market Lahore → Gulberg Lahore | Ride · easy · 2026-10-05 16:46 | Agreed fare Rs 1140
- Ride cancelled | CANCELLED | Liberty Market Lahore → Gulberg Lahore | Ride · easy · 2026-10-05 16:40 | Agreed fare Rs 1140
- Ride cancelled | CANCELLED | Liberty Market Lahore → Gulberg Lahore | Ride · easy · 2026-10-05 16:30 | Agreed fare Rs 1140
{
  "verdict": "YELLOW",
  "failed": [
    "E_returnReady",
    "F_returnReady",
    "G_activeThenCancel"
  ],
  "A": {
    "dialogSeen": true,
    "dialogDenied": true,
    "assignedRideVisible": true,
    "status": "Location permission is needed",
    "visibleUiStatusText": "Location permission is needed",
    "hasAllowLocationCta": true,
    "seconds": 31.3,
    "endlessLoading": false,
    "crash": false,
    "noNetworkPublish": true,
    "technicalLeak": false
  },
  "B": {
    "assignedRideVisible": true,
    "statusAfterWait": "Location is ready",
    "readyAfterSeconds": 8.8,
    "firstAcceptedElapsedMs": 1324,
    "watchStarts": 1,
    "fixClassifications": 2,
    "firstWatchLine": "10-05 16:48:15.168 I/flutter (17460): [INFO] location_watch_started {rideId: 8974b962-e593-4133-9326-88e6e66c8090}",
    "firstAcceptedLine": "10-05 16:48:16.492 I/flutter (17460): [INFO] location_fix_classified {rideId: 8974b962-e593-4133-9326-88e6e66c8090, classification: ACCEPTED, accuracyMeters: 18.613000869750977}"
  },
  "G": {
    "activeWatchBeforeCancel": true,
    "acceptedFixesBeforeCancel": 68,
    "uiTextHasCancelled": false,
    "onAssignedRideDetail": true,
    "visibleTerminalText": null,
    "watchStoppedOnCancel": false,
    "metricsBefore": {
      "watch_starts": 1,
      "watch_stops": 0,
      "fix_classifications": 69,
      "classification_counts": {
        "ACCEPTED": 68,
        "POOR_ACCURACY": 1
      },
      "first_watch_line": "10-05 16:48:15.168 I/flutter (17460): [INFO] location_watch_started {rideId: 8974b962-e593-4133-9326-88e6e66c8090}",
      "first_stop_line": null,
      "first_fix_line": "10-05 16:48:16.492 I/flutter (17460): [INFO] location_fix_classified {rideId: 8974b962-e593-4133-9326-88e6e66c8090, classification: ACCEPTED, accuracyMeters: 18.613000869750977}",
      "first_accepted_line": "10-05 16:48:16.492 I/flutter (17460): [INFO] location_fix_classified {rideId: 8974b962-e593-4133-9326-88e6e66c8090, classification: ACCEPTED, accuracyMeters: 18.613000869750977}",
      "start_lines": [
        "10-05 16:48:15.168 I/flutter (17460): [INFO] location_watch_started {rideId: 8974b962-e593-4133-9326-88e6e66c8090}"
      ],
      "stop_lines": [],
      "geolocator_starts": 1,
      "geolocator_stops": 0
    },
    "metrics": {
      "watch_starts": 1,
      "watch_stops": 0,
      "fix_classifications": 86,
      "classification_counts": {
        "ACCEPTED": 85,
        "POOR_ACCURACY": 1
      },
      "first_watch_line": "10-05 16:48:15.168 I/flutter (17460): [INFO] location_watch_started {rideId: 8974b962-e593-4133-9326-88e6e66c8090}",
      "first_stop_line": null,
      "first_fix_line": "10-05 16:48:16.492 I/flutter (17460): [INFO] location_fix_classified {rideId: 8974b962-e593-4133-9326-88e6e66c8090, classification: ACCEPTED, accuracyMeters: 18.613000869750977}",
      "first_accepted_line": "10-05 16:48:16.492 I/flutter (17460): [INFO] location_fix_classified {rideId: 8974b962-e593-4133-9326-88e6e66c8090, classification: ACCEPTED, accuracyMeters: 18.613000869750977}",
      "start_lines": [
        "10-05 16:48:15.168 I/flutter (17460): [INFO] location_watch_started {rideId: 8974b962-e593-4133-9326-88e6e66c8090}"
      ],
      "stop_lines": [],
      "geolocator_starts": 1,
      "geolocator_stops": 0
    },
    "noBackgroundBetweenReadyAndCancel": true
  }
}
