=== ASSIGN fresh ride ===
{
  "ok": true,
  "rideId": "680cb762-b238-4bec-a20b-f19941c47ae8",
  "state": "DRIVER_ASSIGNED",
  "steps": {
    "base": "https://ora-auth-service-staging-2zmxvrrs7a-uc.a.run.app/v1",
    "driverUid": "SRjL7BJgCKTduhtpjtYMRZMq5fD2",
    "passengerUid": "AQLQjCfBw3W17kfgzziM6po1Nh33",
    "goOnline": {
      "status": 200
    },
    "pricing": {
      "status": 200
    },
    "createRide": {
      "status": 201
    },
    "rideId": "680cb762-b238-4bec-a20b-f19941c47ae8",
    "createOffer": {
      "status": 201,
      "body": {
        "offerId": "680cb762-b238-4bec-a20b-f19941c47ae8_SRjL7BJgCKTduhtpjtYMRZMq5fD2_v1",
        "rideId": "680cb762-b238-4bec-a20b-f19941c47ae8",
        "driverId": "SRjL7BJgCKTduhtpjtYMRZMq5fD2",
        "amountMinor": 114000,
        "currency": "PKR",
        "type": "PASSENGER_PRICE_ACCEPTED",
        "status": "PENDING",
        "requestVersion": 1,
        "expiresAt": "2026-10-08T08:31:27.321Z",
        "driverSnapshot": {
          "displayName": null,
          "role": "driver"
        },
        "createdAt": "2026-10-08T08:28:27.321Z",
        "selectedAt": null,
        "withdrawnAt": null,
        "rideState": "OFFERS_AVAILABLE",
        "rideVersion": 2
      }
    },
    "selectOffer": {
      "status": 200,
      "body": {
        "rideId": "680cb762-b238-4bec-a20b-f19941c47ae8",
        "state": "DRIVER_ASSIGNED",
        "version": 3,
        "assignedDriverId": "SRjL7BJgCKTduhtpjtYMRZMq5fD2",
        "agreedFareMinor": 114000,
        "agreedOfferId": "680cb762-b238-4bec-a20b-f19941c47ae8_SRjL7BJgCKTduhtpjtYMRZMq5fD2_v1",
        "currency": "PKR"
      }
    }
  }
}
ride 680cb762-b238-4bec-a20b-f19941c47ae8 DRIVER_ASSIGNED
=== Open passenger Active Ride BEFORE any publish ===
  login as passenger (03012345678)
  bash arg: -p
  bash arg: com.ora.ora
  bash arg: -c
  bash arg: android.intent.category.LAUNCHER
  bash arg: 1
args: [-p, com.ora.ora, -c, android.intent.category.LAUNCHER, 1]
 arg: "-p"
 arg: "com.ora.ora"
 arg: "-c"
 arg: "android.intent.category.LAUNCHER"
 arg: "1"
data="com.ora.ora"
data="android.intent.category.LAUNCHER"
Events injected: 1
## Network stats: elapsed time=58ms (0ms mobile, 0ms wifi, 58ms not connected)
/sdcard/m2a.xml: 1 file pulled, 0 skipped. 1.3 MB/s (5283 bytes in 0.004s)
/sdcard/m2a.xml: 1 file pulled, 0 skipped. 2.2 MB/s (11597 bytes in 0.005s)
/sdcard/m2a.xml: 1 file pulled, 0 skipped. 2.7 MB/s (11597 bytes in 0.004s)
/sdcard/m2a.xml: 1 file pulled, 0 skipped. 2.5 MB/s (11597 bytes in 0.004s)
  TAP 'Menu'
/sdcard/m2a.xml: 1 file pulled, 0 skipped. 1.5 MB/s (8443 bytes in 0.006s)
/sdcard/m2a.xml: 1 file pulled, 0 skipped. 2.3 MB/s (8450 bytes in 0.004s)
  TAP 'Log out'
/sdcard/m2a.xml: 1 file pulled, 0 skipped. 1.7 MB/s (6000 bytes in 0.003s)
/sdcard/m2a.xml: 1 file pulled, 0 skipped. 1.6 MB/s (6000 bytes in 0.004s)
/sdcard/m2a.xml: 1 file pulled, 0 skipped. 1.7 MB/s (5998 bytes in 0.003s)
  TAP 'Send verification code\nSend code'
/sdcard/m2a.xml: 1 file pulled, 0 skipped. 1.6 MB/s (6003 bytes in 0.004s)
/sdcard/m2a.xml: 1 file pulled, 0 skipped. 1.7 MB/s (5282 bytes in 0.003s)
/sdcard/m2a.xml: 1 file pulled, 0 skipped. 2.8 MB/s (11596 bytes in 0.004s)
  MISS ('Verify & continue',)
  MISS ('Verify code',)
  MISS ('Verify',)
/sdcard/m2a.xml: 1 file pulled, 0 skipped. 2.9 MB/s (11596 bytes in 0.004s)
/sdcard/m2a.xml: 1 file pulled, 0 skipped. 2.6 MB/s (11596 bytes in 0.004s)
  TAP 'Menu'
/sdcard/m2a.xml: 1 file pulled, 0 skipped. 2.1 MB/s (8442 bytes in 0.004s)
  TAP 'My rides'
/sdcard/m2a.xml: 1 file pulled, 0 skipped. 2.2 MB/s (9901 bytes in 0.004s)
  TAP 'Driver assigned\nDRIVER_ASSIGNED\nLiberty Market Lahore → Gulberg Lahore'
/sdcard/m2a.xml: 1 file pulled, 0 skipped. 2.1 MB/s (10588 bytes in 0.005s)
/sdcard/m2a.xml: 1 file pulled, 0 skipped. 3.2 MB/s (10588 bytes in 0.003s)
/sdcard/map2a_retry_before.png: 1 file pulled, 0 skipped. 17.9 MB/s (463378 bytes in 0.025s)
  before {'activeRide': True, 'googleMap': True, 'pickup': True, 'destination': True, 'waiting': True, 'locationUpdating': False, 'driverMarker': False, 'recenter': True, 'status': 'DRIVER_ASSIGNED', 'cancel': True}
=== TEST2 first fresh publish (passenger stays FG) ===
  publish1 {'status': 200, 'accepted': True, 'locationSeq': 1, 'hasLatLng': True}
/sdcard/m2a.xml: 1 file pulled, 0 skipped. 2.4 MB/s (10867 bytes in 0.004s)
  poll 0 {'activeRide': True, 'googleMap': True, 'pickup': True, 'destination': True, 'waiting': False, 'locationUpdating': False, 'driverMarker': True, 'recenter': True, 'status': 'DRIVER_ASSIGNED', 'cancel': True}
/sdcard/map2a_retry_marker_ok.png: 1 file pulled, 0 skipped. 20.1 MB/s (470895 bytes in 0.022s)
  marker True at_s 0
=== TEST3 multi-publish while FG ===
/sdcard/m2a.xml: 1 file pulled, 0 skipped. 3.2 MB/s (10867 bytes in 0.003s)
  pub 2 True True
/sdcard/map2a_retry_t3_2.png: 1 file pulled, 0 skipped. 17.3 MB/s (471085 bytes in 0.026s)
/sdcard/m2a.xml: 1 file pulled, 0 skipped. 3.3 MB/s (10867 bytes in 0.003s)
  pub 3 True True
/sdcard/map2a_retry_t3_3.png: 1 file pulled, 0 skipped. 19.3 MB/s (471370 bytes in 0.023s)
/sdcard/m2a.xml: 1 file pulled, 0 skipped. 2.5 MB/s (10867 bytes in 0.004s)
  pub 4 True True
/sdcard/map2a_retry_t3_4.png: 1 file pulled, 0 skipped. 19.9 MB/s (471418 bytes in 0.023s)
=== State transitions ===
/sdcard/m2a.xml: 1 file pulled, 0 skipped. 2.0 MB/s (10888 bytes in 0.005s)
/sdcard/map2a_retry_en_route.png: 1 file pulled, 0 skipped. 16.2 MB/s (448479 bytes in 0.026s)
  en_route 200 DRIVER_EN_ROUTE DRIVER_EN_ROUTE marker True
/sdcard/m2a.xml: 1 file pulled, 0 skipped. 3.7 MB/s (11201 bytes in 0.003s)
/sdcard/map2a_retry_arrived.png: 1 file pulled, 0 skipped. 19.0 MB/s (456761 bytes in 0.023s)
  arrived 200 DRIVER_ARRIVED DRIVER_ARRIVED marker True
/sdcard/m2a.xml: 1 file pulled, 0 skipped. 2.9 MB/s (10593 bytes in 0.003s)
/sdcard/map2a_retry_start.png: 1 file pulled, 0 skipped. 16.9 MB/s (413916 bytes in 0.023s)
  start 200 RIDE_STARTED RIDE_STARTED marker True
=== Terminal cancel ===
/sdcard/m2a.xml: 1 file pulled, 0 skipped. 2.4 MB/s (10593 bytes in 0.004s)
  TAP 'Cancel ride\nCancel ride'
/sdcard/m2a.xml: 1 file pulled, 0 skipped. 1.8 MB/s (5029 bytes in 0.003s)
  TAP 'Cancel ride\nCancel ride'
/sdcard/m2a.xml: 1 file pulled, 0 skipped. 2.6 MB/s (10124 bytes in 0.004s)
/sdcard/map2a_retry_t7.png: 1 file pulled, 0 skipped. 17.0 MB/s (418179 bytes in 0.023s)
DONE {"verdict": "MAP-2B GREEN \u2014 PHYSICAL PROOF CLOSED", "failed": [], "rideId": "680cb762-b238-4bec-a20b-f19941c47ae8", "markerAtS": 0}
