  bash arg: -p
  bash arg: com.ora.ora
  bash arg: -c
  bash arg: android.intent.category.LAUNCHER
  bash arg: 1
args: [-p, com.ora.ora, -c, android.intent.category.LAUNCHER, 1]
 arg: "-p"
 arg: "com.ora.ora"
 arg: "-c"
 arg: "android.intent.category.LAUNCHER"
 arg: "1"
data="com.ora.ora"
data="android.intent.category.LAUNCHER"
Events injected: 1
## Network stats: elapsed time=64ms (0ms mobile, 0ms wifi, 64ms not connected)
UI hierchary dumped to: /sdcard/qa_ui.xml
/sdcard/qa_ui.xml: 1 file pulled, 0 skipped. 1.9 MB/s (5287 bytes in 0.003s)
UI hierchary dumped to: /sdcard/qa_ui.xml
/sdcard/qa_ui.xml: 1 file pulled, 0 skipped. 3.2 MB/s (11597 bytes in 0.003s)
UI hierchary dumped to: /sdcard/qa_ui.xml
/sdcard/qa_ui.xml: 1 file pulled, 0 skipped. 3.2 MB/s (11597 bytes in 0.003s)
UI hierchary dumped to: /sdcard/qa_ui.xml
/sdcard/qa_ui.xml: 1 file pulled, 0 skipped. 2.3 MB/s (11597 bytes in 0.005s)
UI hierchary dumped to: /sdcard/qa_ui.xml
/sdcard/qa_ui.xml: 1 file pulled, 0 skipped. 1.0 MB/s (3004 bytes in 0.003s)
UI hierchary dumped to: /sdcard/qa_ui.xml
/sdcard/qa_ui.xml: 1 file pulled, 0 skipped. 1.3 MB/s (4390 bytes in 0.003s)
UI hierchary dumped to: /sdcard/qa_ui.xml
/sdcard/qa_ui.xml: 1 file pulled, 0 skipped. 1.3 MB/s (4390 bytes in 0.003s)
UI hierchary dumped to: /sdcard/qa_ui.xml
/sdcard/qa_ui.xml: 1 file pulled, 0 skipped. 1.1 MB/s (4390 bytes in 0.004s)
UI hierchary dumped to: /sdcard/qa_ui.xml
/sdcard/qa_ui.xml: 1 file pulled, 0 skipped. 1.3 MB/s (4390 bytes in 0.003s)
UI hierchary dumped to: /sdcard/qa_ui.xml
/sdcard/qa_ui.xml: 1 file pulled, 0 skipped. 0.9 MB/s (4390 bytes in 0.005s)
UI hierchary dumped to: /sdcard/qa_ui.xml
/sdcard/qa_ui.xml: 1 file pulled, 0 skipped. 1.0 MB/s (4390 bytes in 0.004s)
UI hierchary dumped to: /sdcard/qa_ui.xml
/sdcard/qa_ui.xml: 1 file pulled, 0 skipped. 1.1 MB/s (4390 bytes in 0.004s)
UI hierchary dumped to: /sdcard/qa_ui.xml
/sdcard/qa_ui.xml: 1 file pulled, 0 skipped. 1.4 MB/s (4390 bytes in 0.003s)
UI hierchary dumped to: /sdcard/qa_ui.xml
/sdcard/qa_ui.xml: 1 file pulled, 0 skipped. 1.0 MB/s (4390 bytes in 0.004s)
UI hierchary dumped to: /sdcard/qa_ui.xml
/sdcard/qa_ui.xml: 1 file pulled, 0 skipped. 1.0 MB/s (4390 bytes in 0.004s)
UI hierchary dumped to: /sdcard/qa_ui.xml
/sdcard/qa_ui.xml: 1 file pulled, 0 skipped. 1.1 MB/s (4390 bytes in 0.004s)
UI hierchary dumped to: /sdcard/qa_ui.xml
/sdcard/qa_ui.xml: 1 file pulled, 0 skipped. 1.4 MB/s (4390 bytes in 0.003s)
UI hierchary dumped to: /sdcard/qa_ui.xml
/sdcard/qa_ui.xml: 1 file pulled, 0 skipped. 1.4 MB/s (4390 bytes in 0.003s)
UI hierchary dumped to: /sdcard/qa_ui.xml
/sdcard/qa_ui.xml: 1 file pulled, 0 skipped. 0.9 MB/s (4390 bytes in 0.005s)
UI hierchary dumped to: /sdcard/qa_ui.xml
/sdcard/qa_ui.xml: 1 file pulled, 0 skipped. 1.7 MB/s (4390 bytes in 0.002s)
UI hierchary dumped to: /sdcard/qa_ui.xml
/sdcard/qa_ui.xml: 1 file pulled, 0 skipped. 1.4 MB/s (4390 bytes in 0.003s)
UI hierchary dumped to: /sdcard/qa_ui.xml
/sdcard/qa_ui.xml: 1 file pulled, 0 skipped. 1.2 MB/s (4390 bytes in 0.003s)
UI hierchary dumped to: /sdcard/qa_ui.xml
/sdcard/qa_ui.xml: 1 file pulled, 0 skipped. 1.9 MB/s (4390 bytes in 0.002s)
UI hierchary dumped to: /sdcard/qa_ui.xml
/sdcard/qa_ui.xml: 1 file pulled, 0 skipped. 0.7 MB/s (4390 bytes in 0.006s)
UI hierchary dumped to: /sdcard/qa_ui.xml
/sdcard/qa_ui.xml: 1 file pulled, 0 skipped. 1.1 MB/s (4390 bytes in 0.004s)
UI hierchary dumped to: /sdcard/qa_ui.xml
/sdcard/qa_ui.xml: 1 file pulled, 0 skipped. 2.3 MB/s (11597 bytes in 0.005s)
UI hierchary dumped to: /sdcard/qa_ui.xml
/sdcard/qa_ui.xml: 1 file pulled, 0 skipped. 3.3 MB/s (11597 bytes in 0.003s)
UI hierchary dumped to: /sdcard/qa_ui.xml
/sdcard/qa_ui.xml: 1 file pulled, 0 skipped. 3.1 MB/s (11597 bytes in 0.004s)
OK
  bash arg: -p
  bash arg: com.ora.ora
  bash arg: -c
  bash arg: android.intent.category.LAUNCHER
  bash arg: 1
args: [-p, com.ora.ora, -c, android.intent.category.LAUNCHER, 1]
 arg: "-p"
 arg: "com.ora.ora"
 arg: "-c"
 arg: "android.intent.category.LAUNCHER"
 arg: "1"
data="com.ora.ora"
data="android.intent.category.LAUNCHER"
Events injected: 1
## Network stats: elapsed time=148ms (0ms mobile, 0ms wifi, 148ms not connected)
ERROR: null root node returned by UiTestAutomationBridge.
/sdcard/qa_ui.xml: 1 file pulled, 0 skipped. 1.8 MB/s (8732 bytes in 0.005s)
UI hierchary dumped to: /sdcard/qa_ui.xml
/sdcard/qa_ui.xml: 1 file pulled, 0 skipped. 0.4 MB/s (4982 bytes in 0.011s)
UI hierchary dumped to: /sdcard/qa_ui.xml
/sdcard/qa_ui.xml: 1 file pulled, 0 skipped. 0.7 MB/s (4982 bytes in 0.007s)
UI hierchary dumped to: /sdcard/qa_ui.xml
/sdcard/qa_ui.xml: 1 file pulled, 0 skipped. 1.5 MB/s (12485 bytes in 0.008s)
UI hierchary dumped to: /sdcard/qa_ui.xml
/sdcard/qa_ui.xml: 1 file pulled, 0 skipped. 3.6 MB/s (12485 bytes in 0.003s)
UI hierchary dumped to: /sdcard/qa_ui.xml
/sdcard/qa_ui.xml: 1 file pulled, 0 skipped. 4.6 MB/s (12485 bytes in 0.003s)
UI hierchary dumped to: /sdcard/qa_ui.xml
/sdcard/qa_ui.xml: 1 file pulled, 0 skipped. 4.2 MB/s (12485 bytes in 0.003s)
UI hierchary dumped to: /sdcard/qa_ui.xml
/sdcard/qa_ui.xml: 1 file pulled, 0 skipped. 3.3 MB/s (12485 bytes in 0.004s)
UI hierchary dumped to: /sdcard/qa_ui.xml
/sdcard/qa_ui.xml: 1 file pulled, 0 skipped. 5.3 MB/s (12485 bytes in 0.002s)
UI hierchary dumped to: /sdcard/qa_ui.xml
/sdcard/qa_ui.xml: 1 file pulled, 0 skipped. 3.0 MB/s (12485 bytes in 0.004s)
UI hierchary dumped to: /sdcard/qa_ui.xml
/sdcard/qa_ui.xml: 1 file pulled, 0 skipped. 4.5 MB/s (12485 bytes in 0.003s)
UI hierchary dumped to: /sdcard/qa_ui.xml
/sdcard/qa_ui.xml: 1 file pulled, 0 skipped. 6.0 MB/s (12485 bytes in 0.002s)
UI hierchary dumped to: /sdcard/qa_ui.xml
/sdcard/qa_ui.xml: 1 file pulled, 0 skipped. 4.4 MB/s (12485 bytes in 0.003s)
UI hierchary dumped to: /sdcard/qa_ui.xml
/sdcard/qa_ui.xml: 1 file pulled, 0 skipped. 3.7 MB/s (12485 bytes in 0.003s)
UI hierchary dumped to: /sdcard/qa_ui.xml
/sdcard/qa_ui.xml: 1 file pulled, 0 skipped. 4.9 MB/s (12485 bytes in 0.002s)
UI hierchary dumped to: /sdcard/qa_ui.xml
/sdcard/qa_ui.xml: 1 file pulled, 0 skipped. 3.4 MB/s (12485 bytes in 0.004s)
UI hierchary dumped to: /sdcard/qa_ui.xml
/sdcard/qa_ui.xml: 1 file pulled, 0 skipped. 3.0 MB/s (12485 bytes in 0.004s)
UI hierchary dumped to: /sdcard/qa_ui.xml
/sdcard/qa_ui.xml: 1 file pulled, 0 skipped. 3.3 MB/s (12485 bytes in 0.004s)
UI hierchary dumped to: /sdcard/qa_ui.xml
/sdcard/qa_ui.xml: 1 file pulled, 0 skipped. 1.8 MB/s (12485 bytes in 0.006s)
FAIL: ride compose not opened
{
  "gates": {
    "driver_ready": "GREEN"
  },
  "timings": {},
  "rideId": null,
  "offerId": null,
  "started": "2026-09-28T07:40:07.191074+00:00"
}
