  bash arg: -p
  bash arg: com.ora.ora
  bash arg: -c
  bash arg: android.intent.category.LAUNCHER
  bash arg: 1
args: [-p, com.ora.ora, -c, android.intent.category.LAUNCHER, 1]
 arg: "-p"
 arg: "com.ora.ora"
 arg: "-c"
 arg: "android.intent.category.LAUNCHER"
 arg: "1"
data="com.ora.ora"
data="android.intent.category.LAUNCHER"
Events injected: 1
## Network stats: elapsed time=62ms (0ms mobile, 0ms wifi, 62ms not connected)
UI hierchary dumped to: /sdcard/qa_ui.xml
/sdcard/qa_ui.xml: 1 file pulled, 0 skipped. 1.3 MB/s (5287 bytes in 0.004s)
UI hierchary dumped to: /sdcard/qa_ui.xml
/sdcard/qa_ui.xml: 1 file pulled, 0 skipped. 1.3 MB/s (5287 bytes in 0.004s)
UI hierchary dumped to: /sdcard/qa_ui.xml
/sdcard/qa_ui.xml: 1 file pulled, 0 skipped. 1.6 MB/s (5287 bytes in 0.003s)
UI hierchary dumped to: /sdcard/qa_ui.xml
/sdcard/qa_ui.xml: 1 file pulled, 0 skipped. 1.4 MB/s (5287 bytes in 0.004s)
UI hierchary dumped to: /sdcard/qa_ui.xml
/sdcard/qa_ui.xml: 1 file pulled, 0 skipped. 4.2 MB/s (11597 bytes in 0.003s)
OK
  bash arg: -p
  bash arg: com.ora.ora
  bash arg: -c
  bash arg: android.intent.category.LAUNCHER
  bash arg: 1
args: [-p, com.ora.ora, -c, android.intent.category.LAUNCHER, 1]
 arg: "-p"
 arg: "com.ora.ora"
 arg: "-c"
 arg: "android.intent.category.LAUNCHER"
 arg: "1"
data="com.ora.ora"
data="android.intent.category.LAUNCHER"
Events injected: 1
## Network stats: elapsed time=188ms (0ms mobile, 0ms wifi, 188ms not connected)
UI hierchary dumped to: /sdcard/qa_ui.xml
/sdcard/qa_ui.xml: 1 file pulled, 0 skipped. 2.1 MB/s (4982 bytes in 0.002s)
UI hierchary dumped to: /sdcard/qa_ui.xml
/sdcard/qa_ui.xml: 1 file pulled, 0 skipped. 2.7 MB/s (4982 bytes in 0.002s)
UI hierchary dumped to: /sdcard/qa_ui.xml
/sdcard/qa_ui.xml: 1 file pulled, 0 skipped. 4.7 MB/s (12485 bytes in 0.003s)
UI hierchary dumped to: /sdcard/qa_ui.xml
/sdcard/qa_ui.xml: 1 file pulled, 0 skipped. 4.4 MB/s (12485 bytes in 0.003s)
UI hierchary dumped to: /sdcard/qa_ui.xml
/sdcard/qa_ui.xml: 1 file pulled, 0 skipped. 3.9 MB/s (12485 bytes in 0.003s)
UI hierchary dumped to: /sdcard/qa_ui.xml
/sdcard/qa_ui.xml: 1 file pulled, 0 skipped. 4.7 MB/s (12485 bytes in 0.003s)
UI hierchary dumped to: /sdcard/qa_ui.xml
/sdcard/qa_ui.xml: 1 file pulled, 0 skipped. 4.5 MB/s (12485 bytes in 0.003s)
UI hierchary dumped to: /sdcard/qa_ui.xml
/sdcard/qa_ui.xml: 1 file pulled, 0 skipped. 4.4 MB/s (12485 bytes in 0.003s)
UI hierchary dumped to: /sdcard/qa_ui.xml
/sdcard/qa_ui.xml: 1 file pulled, 0 skipped. 5.6 MB/s (12485 bytes in 0.002s)
UI hierchary dumped to: /sdcard/qa_ui.xml
/sdcard/qa_ui.xml: 1 file pulled, 0 skipped. 3.4 MB/s (12485 bytes in 0.003s)
UI hierchary dumped to: /sdcard/qa_ui.xml
/sdcard/qa_ui.xml: 1 file pulled, 0 skipped. 4.1 MB/s (12485 bytes in 0.003s)
UI hierchary dumped to: /sdcard/qa_ui.xml
/sdcard/qa_ui.xml: 1 file pulled, 0 skipped. 2.9 MB/s (12485 bytes in 0.004s)
UI hierchary dumped to: /sdcard/qa_ui.xml
/sdcard/qa_ui.xml: 1 file pulled, 0 skipped. 5.6 MB/s (12485 bytes in 0.002s)
UI hierchary dumped to: /sdcard/qa_ui.xml
/sdcard/qa_ui.xml: 1 file pulled, 0 skipped. 3.7 MB/s (12485 bytes in 0.003s)
UI hierchary dumped to: /sdcard/qa_ui.xml
/sdcard/qa_ui.xml: 1 file pulled, 0 skipped. 5.6 MB/s (12485 bytes in 0.002s)
UI hierchary dumped to: /sdcard/qa_ui.xml
/sdcard/qa_ui.xml: 1 file pulled, 0 skipped. 5.1 MB/s (12485 bytes in 0.002s)
UI hierchary dumped to: /sdcard/qa_ui.xml
/sdcard/qa_ui.xml: 1 file pulled, 0 skipped. 7.1 MB/s (12485 bytes in 0.002s)
UI hierchary dumped to: /sdcard/qa_ui.xml
/sdcard/qa_ui.xml: 1 file pulled, 0 skipped. 5.4 MB/s (12485 bytes in 0.002s)
UI hierchary dumped to: /sdcard/qa_ui.xml
/sdcard/qa_ui.xml: 1 file pulled, 0 skipped. 5.1 MB/s (12485 bytes in 0.002s)
UI hierchary dumped to: /sdcard/qa_ui.xml
/sdcard/qa_ui.xml: 1 file pulled, 0 skipped. 5.1 MB/s (12485 bytes in 0.002s)
UI hierchary dumped to: /sdcard/qa_ui.xml
/sdcard/qa_ui.xml: 1 file pulled, 0 skipped. 3.5 MB/s (12485 bytes in 0.003s)
UI hierchary dumped to: /sdcard/qa_ui.xml
/sdcard/qa_ui.xml: 1 file pulled, 0 skipped. 5.5 MB/s (12485 bytes in 0.002s)
UI hierchary dumped to: /sdcard/qa_ui.xml
/sdcard/qa_ui.xml: 1 file pulled, 0 skipped. 4.0 MB/s (12485 bytes in 0.003s)
UI hierchary dumped to: /sdcard/qa_ui.xml
/sdcard/qa_ui.xml: 1 file pulled, 0 skipped. 5.9 MB/s (12485 bytes in 0.002s)
UI hierchary dumped to: /sdcard/qa_ui.xml
/sdcard/qa_ui.xml: 1 file pulled, 0 skipped. 5.0 MB/s (12485 bytes in 0.002s)
UI hierchary dumped to: /sdcard/qa_ui.xml
/sdcard/qa_ui.xml: 1 file pulled, 0 skipped. 4.3 MB/s (12485 bytes in 0.003s)
UI hierchary dumped to: /sdcard/qa_ui.xml
/sdcard/qa_ui.xml: 1 file pulled, 0 skipped. 5.9 MB/s (12485 bytes in 0.002s)
UI hierchary dumped to: /sdcard/qa_ui.xml
/sdcard/qa_ui.xml: 1 file pulled, 0 skipped. 5.3 MB/s (12485 bytes in 0.002s)
FAIL: passenger review not reached
{
  "gates": {
    "driver_ready": "GREEN",
    "ride_creation": "RED"
  },
  "timings": {},
  "rideId": null,
  "offerId": null,
  "started": "2026-09-28T07:31:19.505080+00:00"
}
