
Exception occurred while executing 'providers':
java.lang.SecurityException: android from uid 2000 not allowed to perform MOCK_LOCATION
	at android.app.AppOpsManager.noteOp(AppOpsManager.java:9545)
	at com.android.server.location.injector.SystemAppOpsHelper.noteOp(SystemAppOpsHelper.java:114)
	at com.android.server.location.LocationManagerService.setTestProviderEnabled(LocationManagerService.java:1572)
	at com.android.server.location.LocationShellCommand.handleSetTestProviderEnabled(LocationShellCommand.java:309)
	at com.android.server.location.LocationShellCommand.parseProvidersCommand(LocationShellCommand.java:100)
	at com.android.server.location.LocationShellCommand.onCommand(LocationShellCommand.java:82)
	at com.android.modules.utils.BasicShellCommandHandler.exec(BasicShellCommandHandler.java:97)
	at com.android.server.location.LocationManagerService.handleShellCommand(LocationManagerService.java:1587)
	at android.os.Binder.onShellCommand(Binder.java:1204)
	at android.os.Binder.shellCommand(Binder.java:1151)
	at android.os.Binder.onTransact(Binder.java:953)
	at android.location.ILocationManager$Stub.onTransact(ILocationManager.java:1223)
	at android.os.Binder.execTransactInternal(Binder.java:1426)
	at android.os.Binder.execTransact(Binder.java:1365)

Exception occurred while executing 'providers':
java.lang.SecurityException: android from uid 2000 not allowed to perform MOCK_LOCATION
	at android.app.AppOpsManager.noteOp(AppOpsManager.java:9545)
	at com.android.server.location.injector.SystemAppOpsHelper.noteOp(SystemAppOpsHelper.java:114)
	at com.android.server.location.LocationManagerService.setTestProviderLocation(LocationManagerService.java:1551)
	at com.android.server.location.LocationShellCommand.handleSetTestProviderLocation(LocationShellCommand.java:359)
	at com.android.server.location.LocationShellCommand.parseProvidersCommand(LocationShellCommand.java:104)
	at com.android.server.location.LocationShellCommand.onCommand(LocationShellCommand.java:82)
	at com.android.modules.utils.BasicShellCommandHandler.exec(BasicShellCommandHandler.java:97)
	at com.android.server.location.LocationManagerService.handleShellCommand(LocationManagerService.java:1587)
	at android.os.Binder.onShellCommand(Binder.java:1204)
	at android.os.Binder.shellCommand(Binder.java:1151)
	at android.os.Binder.onTransact(Binder.java:953)
	at android.location.ILocationManager$Stub.onTransact(ILocationManager.java:1223)
	at android.os.Binder.execTransactInternal(Binder.java:1426)
	at android.os.Binder.execTransact(Binder.java:1365)
  bash arg: -p
  bash arg: com.ora.ora
  bash arg: -c
  bash arg: android.intent.category.LAUNCHER
  bash arg: 1
args: [-p, com.ora.ora, -c, android.intent.category.LAUNCHER, 1]
 arg: "-p"
 arg: "com.ora.ora"
 arg: "-c"
 arg: "android.intent.category.LAUNCHER"
 arg: "1"
data="com.ora.ora"
data="android.intent.category.LAUNCHER"
Events injected: 1
## Network stats: elapsed time=76ms (0ms mobile, 0ms wifi, 76ms not connected)
UI hierchary dumped to: /sdcard/qa_ui.xml
/sdcard/qa_ui.xml: 1 file pulled, 0 skipped. 2.6 MB/s (4982 bytes in 0.002s)
UI hierchary dumped to: /sdcard/qa_ui.xml
/sdcard/qa_ui.xml: 1 file pulled, 0 skipped. 1.7 MB/s (4982 bytes in 0.003s)
UI hierchary dumped to: /sdcard/qa_ui.xml
/sdcard/qa_ui.xml: 1 file pulled, 0 skipped. 3.6 MB/s (10035 bytes in 0.003s)
UI hierchary dumped to: /sdcard/qa_ui.xml
/sdcard/qa_ui.xml: 1 file pulled, 0 skipped. 2.0 MB/s (10480 bytes in 0.005s)
UI hierchary dumped to: /sdcard/qa_ui.xml
/sdcard/qa_ui.xml: 1 file pulled, 0 skipped. 3.3 MB/s (10018 bytes in 0.003s)
UI hierchary dumped to: /sdcard/qa_ui.xml
/sdcard/qa_ui.xml: 1 file pulled, 0 skipped. 1.8 MB/s (9058 bytes in 0.005s)
UI hierchary dumped to: /sdcard/qa_ui.xml
/sdcard/qa_ui.xml: 1 file pulled, 0 skipped. 2.6 MB/s (8732 bytes in 0.003s)
UI hierchary dumped to: /sdcard/qa_ui.xml
/sdcard/qa_ui.xml: 1 file pulled, 0 skipped. 1.2 MB/s (8732 bytes in 0.007s)
UI hierchary dumped to: /sdcard/qa_ui.xml
/sdcard/qa_ui.xml: 1 file pulled, 0 skipped. 2.9 MB/s (8732 bytes in 0.003s)
FAIL passenger review
