  bash arg: -p
  bash arg: com.ora.ora
  bash arg: -c
  bash arg: android.intent.category.LAUNCHER
  bash arg: 1
args: [-p, com.ora.ora, -c, android.intent.category.LAUNCHER, 1]
 arg: "-p"
 arg: "com.ora.ora"
 arg: "-c"
 arg: "android.intent.category.LAUNCHER"
 arg: "1"
data="com.ora.ora"
data="android.intent.category.LAUNCHER"
Events injected: 1
## Network stats: elapsed time=57ms (0ms mobile, 0ms wifi, 57ms not connected)
UI hierchary dumped to: /sdcard/rs_ui.xml
/sdcard/rs_ui.xml: 1 file pulled, 0 skipped. 2.7 MB/s (5763 bytes in 0.002s)
UI hierchary dumped to: /sdcard/rs_ui.xml
/sdcard/rs_ui.xml: 1 file pulled, 0 skipped. 2.8 MB/s (5763 bytes in 0.002s)
UI hierchary dumped to: /sdcard/rs_ui.xml
/sdcard/rs_ui.xml: 1 file pulled, 0 skipped. 2.1 MB/s (6300 bytes in 0.003s)
UI hierchary dumped to: /sdcard/rs_ui.xml
/sdcard/rs_ui.xml: 1 file pulled, 0 skipped. 2.4 MB/s (6300 bytes in 0.003s)
UI hierchary dumped to: /sdcard/rs_ui.xml
/sdcard/rs_ui.xml: 1 file pulled, 0 skipped. 3.3 MB/s (6300 bytes in 0.002s)
UI hierchary dumped to: /sdcard/rs_ui.xml
/sdcard/rs_ui.xml: 1 file pulled, 0 skipped. 4.1 MB/s (6300 bytes in 0.001s)
UI hierchary dumped to: /sdcard/rs_ui.xml
/sdcard/rs_ui.xml: 1 file pulled, 0 skipped. 0.1 MB/s (6300 bytes in 0.069s)
UI hierchary dumped to: /sdcard/rs_ui.xml
/sdcard/rs_ui.xml: 1 file pulled, 0 skipped. 2.4 MB/s (6300 bytes in 0.002s)
UI hierchary dumped to: /sdcard/rs_ui.xml
/sdcard/rs_ui.xml: 1 file pulled, 0 skipped. 2.6 MB/s (6300 bytes in 0.002s)
UI hierchary dumped to: /sdcard/rs_ui.xml
/sdcard/rs_ui.xml: 1 file pulled, 0 skipped. 2.5 MB/s (6300 bytes in 0.002s)
UI hierchary dumped to: /sdcard/rs_ui.xml
/sdcard/rs_ui.xml: 1 file pulled, 0 skipped. 2.4 MB/s (6300 bytes in 0.003s)
UI hierchary dumped to: /sdcard/rs_ui.xml
/sdcard/rs_ui.xml: 1 file pulled, 0 skipped. 2.2 MB/s (6300 bytes in 0.003s)
UI hierchary dumped to: /sdcard/rs_ui.xml
/sdcard/rs_ui.xml: 1 file pulled, 0 skipped. 2.7 MB/s (6300 bytes in 0.002s)
UI hierchary dumped to: /sdcard/rs_ui.xml
/sdcard/rs_ui.xml: 1 file pulled, 0 skipped. 2.7 MB/s (6300 bytes in 0.002s)
UI hierchary dumped to: /sdcard/rs_ui.xml
/sdcard/rs_ui.xml: 1 file pulled, 0 skipped. 2.1 MB/s (6300 bytes in 0.003s)
UI hierchary dumped to: /sdcard/rs_ui.xml
/sdcard/rs_ui.xml: 1 file pulled, 0 skipped. 2.7 MB/s (6300 bytes in 0.002s)
UI hierchary dumped to: /sdcard/rs_ui.xml
/sdcard/rs_ui.xml: 1 file pulled, 0 skipped. 1.9 MB/s (6300 bytes in 0.003s)
UI hierchary dumped to: /sdcard/rs_ui.xml
/sdcard/rs_ui.xml: 1 file pulled, 0 skipped. 1.5 MB/s (6300 bytes in 0.004s)
UI hierchary dumped to: /sdcard/rs_ui.xml
/sdcard/rs_ui.xml: 1 file pulled, 0 skipped. 2.4 MB/s (6300 bytes in 0.002s)
UI hierchary dumped to: /sdcard/rs_ui.xml
/sdcard/rs_ui.xml: 1 file pulled, 0 skipped. 2.7 MB/s (6300 bytes in 0.002s)
UI hierchary dumped to: /sdcard/rs_ui.xml
/sdcard/rs_ui.xml: 1 file pulled, 0 skipped. 2.0 MB/s (6300 bytes in 0.003s)
UI hierchary dumped to: /sdcard/rs_ui.xml
/sdcard/rs_ui.xml: 1 file pulled, 0 skipped. 1.1 MB/s (6300 bytes in 0.005s)
UI hierchary dumped to: /sdcard/rs_ui.xml
/sdcard/rs_ui.xml: 1 file pulled, 0 skipped. 2.8 MB/s (6300 bytes in 0.002s)
UI hierchary dumped to: /sdcard/rs_ui.xml
/sdcard/rs_ui.xml: 1 file pulled, 0 skipped. 1.7 MB/s (6300 bytes in 0.004s)
UI hierchary dumped to: /sdcard/rs_ui.xml
/sdcard/rs_ui.xml: 1 file pulled, 0 skipped. 2.4 MB/s (6300 bytes in 0.003s)
UI hierchary dumped to: /sdcard/rs_ui.xml
/sdcard/rs_ui.xml: 1 file pulled, 0 skipped. 2.0 MB/s (6300 bytes in 0.003s)
UI hierchary dumped to: /sdcard/rs_ui.xml
/sdcard/rs_ui.xml: 1 file pulled, 0 skipped. 3.4 MB/s (6300 bytes in 0.002s)
UI hierchary dumped to: /sdcard/rs_ui.xml
/sdcard/rs_ui.xml: 1 file pulled, 0 skipped. 2.5 MB/s (6300 bytes in 0.002s)
UI hierchary dumped to: /sdcard/rs_ui.xml
/sdcard/rs_ui.xml: 1 file pulled, 0 skipped. 2.4 MB/s (6300 bytes in 0.002s)
UI hierchary dumped to: /sdcard/rs_ui.xml
/sdcard/rs_ui.xml: 1 file pulled, 0 skipped. 3.5 MB/s (6300 bytes in 0.002s)
UI hierchary dumped to: /sdcard/rs_ui.xml
/sdcard/rs_ui.xml: 1 file pulled, 0 skipped. 2.1 MB/s (6300 bytes in 0.003s)
UI hierchary dumped to: /sdcard/rs_ui.xml
/sdcard/rs_ui.xml: 1 file pulled, 0 skipped. 1.8 MB/s (6300 bytes in 0.003s)
UI hierchary dumped to: /sdcard/rs_ui.xml
/sdcard/rs_ui.xml: 1 file pulled, 0 skipped. 2.6 MB/s (6300 bytes in 0.002s)
UI hierchary dumped to: /sdcard/rs_ui.xml
/sdcard/rs_ui.xml: 1 file pulled, 0 skipped. 2.7 MB/s (6300 bytes in 0.002s)
  bash arg: -p
  bash arg: com.ora.ora
  bash arg: -c
  bash arg: android.intent.category.LAUNCHER
  bash arg: 1
args: [-p, com.ora.ora, -c, android.intent.category.LAUNCHER, 1]
 arg: "-p"
 arg: "com.ora.ora"
 arg: "-c"
 arg: "android.intent.category.LAUNCHER"
 arg: "1"
data="com.ora.ora"
data="android.intent.category.LAUNCHER"
Events injected: 1
## Network stats: elapsed time=54ms (0ms mobile, 0ms wifi, 54ms not connected)
UI hierchary dumped to: /sdcard/rs_ui.xml
/sdcard/rs_ui.xml: 1 file pulled, 0 skipped. 1.7 MB/s (6000 bytes in 0.003s)
UI hierchary dumped to: /sdcard/rs_ui.xml
/sdcard/rs_ui.xml: 1 file pulled, 0 skipped. 3.9 MB/s (6000 bytes in 0.001s)
UI hierchary dumped to: /sdcard/rs_ui.xml
/sdcard/rs_ui.xml: 1 file pulled, 0 skipped. 3.7 MB/s (5999 bytes in 0.002s)
UI hierchary dumped to: /sdcard/rs_ui.xml
/sdcard/rs_ui.xml: 1 file pulled, 0 skipped. 0.9 MB/s (5282 bytes in 0.006s)
UI hierchary dumped to: /sdcard/rs_ui.xml
/sdcard/rs_ui.xml: 1 file pulled, 0 skipped. 1.9 MB/s (5282 bytes in 0.003s)
UI hierchary dumped to: /sdcard/rs_ui.xml
/sdcard/rs_ui.xml: 1 file pulled, 0 skipped. 3.3 MB/s (11596 bytes in 0.003s)
UI hierchary dumped to: /sdcard/rs_ui.xml
/sdcard/rs_ui.xml: 1 file pulled, 0 skipped. 3.8 MB/s (11596 bytes in 0.003s)
UI hierchary dumped to: /sdcard/rs_ui.xml
/sdcard/rs_ui.xml: 1 file pulled, 0 skipped. 2.8 MB/s (9940 bytes in 0.003s)
UI hierchary dumped to: /sdcard/rs_ui.xml
/sdcard/rs_ui.xml: 1 file pulled, 0 skipped. 3.1 MB/s (9940 bytes in 0.003s)
UI hierchary dumped to: /sdcard/rs_ui.xml
/sdcard/rs_ui.xml: 1 file pulled, 0 skipped. 3.5 MB/s (10374 bytes in 0.003s)
UI hierchary dumped to: /sdcard/rs_ui.xml
/sdcard/rs_ui.xml: 1 file pulled, 0 skipped. 2.8 MB/s (9942 bytes in 0.003s)
UI hierchary dumped to: /sdcard/rs_ui.xml
/sdcard/rs_ui.xml: 1 file pulled, 0 skipped. 2.7 MB/s (7828 bytes in 0.003s)
UI hierchary dumped to: /sdcard/rs_ui.xml
/sdcard/rs_ui.xml: 1 file pulled, 0 skipped. 2.1 MB/s (6822 bytes in 0.003s)
UI hierchary dumped to: /sdcard/rs_ui.xml
/sdcard/rs_ui.xml: 1 file pulled, 0 skipped. 1.7 MB/s (7981 bytes in 0.004s)
UI hierchary dumped to: /sdcard/rs_ui.xml
/sdcard/rs_ui.xml: 1 file pulled, 0 skipped. 3.8 MB/s (7981 bytes in 0.002s)
UI hierchary dumped to: /sdcard/rs_ui.xml
/sdcard/rs_ui.xml: 1 file pulled, 0 skipped. 3.0 MB/s (10410 bytes in 0.003s)
UI hierchary dumped to: /sdcard/rs_ui.xml
/sdcard/rs_ui.xml: 1 file pulled, 0 skipped. 3.0 MB/s (10410 bytes in 0.003s)
UI hierchary dumped to: /sdcard/rs_ui.xml
/sdcard/rs_ui.xml: 1 file pulled, 0 skipped. 1.5 MB/s (3949 bytes in 0.002s)
UI hierchary dumped to: /sdcard/rs_ui.xml
/sdcard/rs_ui.xml: 1 file pulled, 0 skipped. 2.2 MB/s (6085 bytes in 0.003s)
UI hierchary dumped to: /sdcard/rs_ui.xml
/sdcard/rs_ui.xml: 1 file pulled, 0 skipped. 2.5 MB/s (6085 bytes in 0.002s)
  bash arg: -p
  bash arg: com.ora.ora
  bash arg: -c
  bash arg: android.intent.category.LAUNCHER
  bash arg: 1
args: [-p, com.ora.ora, -c, android.intent.category.LAUNCHER, 1]
 arg: "-p"
 arg: "com.ora.ora"
 arg: "-c"
 arg: "android.intent.category.LAUNCHER"
 arg: "1"
data="com.ora.ora"
data="android.intent.category.LAUNCHER"
Events injected: 1
## Network stats: elapsed time=56ms (0ms mobile, 0ms wifi, 56ms not connected)
UI hierchary dumped to: /sdcard/rs_ui.xml
/sdcard/rs_ui.xml: 1 file pulled, 0 skipped. 2.1 MB/s (5763 bytes in 0.003s)
UI hierchary dumped to: /sdcard/rs_ui.xml
/sdcard/rs_ui.xml: 1 file pulled, 0 skipped. 2.7 MB/s (5763 bytes in 0.002s)
UI hierchary dumped to: /sdcard/rs_ui.xml
/sdcard/rs_ui.xml: 1 file pulled, 0 skipped. 2.6 MB/s (5763 bytes in 0.002s)
{
  "gates": {
    "auth_driver": "GREEN",
    "driver_ready": "PASS",
    "auth_passenger": "GREEN",
    "passenger_pricing": "PASS",
    "ride_creation": "PASS",
    "driver_discovery": "FAIL"
  },
  "timings": {
    "pricing_s": 0.0
  },
  "rideId": "4dec8043-7a15-4382-ad1c-93666b063ee9",
  "offerId": null,
  "started": "2026-09-29T08:36:49.562858+00:00",
  "passenger_device": "RF8R40ZQ1JH",
  "driver_device": "emulator-5554",
  "remote_api": "https://ora-auth-service-staging-2zmxvrrs7a-uc.a.run.app/v1",
  "backend_proof": {
    "state": "SEARCHING",
    "requestVersion": 1,
    "pricingSnapshotId": "ps_9e9d5f26-1a61-47f6-be47-3f5031f12d05",
    "passengerOfferMinor": 114000,
    "assignedDriverId": null,
    "expiresAt": "2026-09-29T08:46:02.231Z"
  },
  "error": "driver discovery empty",
  "finished": "2026-09-29T08:41:50.286156+00:00"
}
rd/rs_ui.xml
/sdcard/rs_ui.xml: 1 file pulled, 0 skipped. 1.9 MB/s (6004 bytes in 0.003s)
UI hierchary dumped to: /sdcard/rs_ui.xml
/sdcard/rs_ui.xml: 1 file pulled, 0 skipped. 2.4 MB/s (6004 bytes in 0.002s)
UI hierchary dumped to: /sdcard/rs_ui.xml
/sdcard/rs_ui.xml: 1 file pulled, 0 skipped. 1.9 MB/s (6004 bytes in 0.003s)
UI hierchary dumped to: /sdcard/rs_ui.xml
/sdcard/rs_ui.xml: 1 file pulled, 0 skipped. 1.7 MB/s (6004 bytes in 0.003s)
UI hierchary dumped to: /sdcard/rs_ui.xml
/sdcard/rs_ui.xml: 1 file pulled, 0 skipped. 1.7 MB/s (6004 bytes in 0.003s)
UI hierchary dumped to: /sdcard/rs_ui.xml
/sdcard/rs_ui.xml: 1 file pulled, 0 skipped. 1.1 MB/s (6004 bytes in 0.005s)
UI hierchary dumped to: /sdcard/rs_ui.xml
/sdcard/rs_ui.xml: 1 file pulled, 0 skipped. 1.6 MB/s (6004 bytes in 0.004s)
UI hierchary dumped to: /sdcard/rs_ui.xml
/sdcard/rs_ui.xml: 1 file pulled, 0 skipped. 1.7 MB/s (6004 bytes in 0.003s)
UI hierchary dumped to: /sdcard/rs_ui.xml
/sdcard/rs_ui.xml: 1 file pulled, 0 skipped. 3.4 MB/s (6004 bytes in 0.002s)
UI hierchary dumped to: /sdcard/rs_ui.xml
/sdcard/rs_ui.xml: 1 file pulled, 0 skipped. 3.4 MB/s (6004 bytes in 0.002s)
UI hierchary dumped to: /sdcard/rs_ui.xml
/sdcard/rs_ui.xml: 1 file pulled, 0 skipped. 3.3 MB/s (6004 bytes in 0.002s)
UI hierchary dumped to: /sdcard/rs_ui.xml
/sdcard/rs_ui.xml: 1 file pulled, 0 skipped. 3.4 MB/s (6004 bytes in 0.002s)
UI hierchary dumped to: /sdcard/rs_ui.xml
/sdcard/rs_ui.xml: 1 file pulled, 0 skipped. 2.5 MB/s (6004 bytes in 0.002s)
UI hierchary dumped to: /sdcard/rs_ui.xml
/sdcard/rs_ui.xml: 1 file pulled, 0 skipped. 3.4 MB/s (6004 bytes in 0.002s)
UI hierchary dumped to: /sdcard/rs_ui.xml
/sdcard/rs_ui.xml: 1 file pulled, 0 skipped. 3.7 MB/s (6004 bytes in 0.002s)
UI hierchary dumped to: /sdcard/rs_ui.xml
/sdcard/rs_ui.xml: 1 file pulled, 0 skipped. 3.0 MB/s (6004 bytes in 0.002s)
UI hierchary dumped to: /sdcard/rs_ui.xml
/sdcard/rs_ui.xml: 1 file pulled, 0 skipped. 2.9 MB/s (6004 bytes in 0.002s)
UI hierchary dumped to: /sdcard/rs_ui.xml
/sdcard/rs_ui.xml: 1 file pulled, 0 skipped. 3.6 MB/s (6004 bytes in 0.002s)
UI hierchary dumped to: /sdcard/rs_ui.xml
/sdcard/rs_ui.xml: 1 file pulled, 0 skipped. 2.8 MB/s (6004 bytes in 0.002s)
UI hierchary dumped to: /sdcard/rs_ui.xml
/sdcard/rs_ui.xml: 1 file pulled, 0 skipped. 10.7 MB/s (60803 bytes in 0.005s)
UI hierchary dumped to: /sdcard/rs_ui.xml
/sdcard/rs_ui.xml: 1 file pulled, 0 skipped. 2.5 MB/s (32425 bytes in 0.012s)
UI hierchary dumped to: /sdcard/rs_ui.xml
/sdcard/rs_ui.xml: 1 file pulled, 0 skipped. 8.7 MB/s (37666 bytes in 0.004s)
UI hierchary dumped to: /sdcard/rs_ui.xml
/sdcard/rs_ui.xml: 1 file pulled, 0 skipped. 9.9 MB/s (37666 bytes in 0.004s)
ERROR: null root node returned by UiTestAutomationBridge.
/sdcard/rs_ui.xml: 1 file pulled, 0 skipped. 9.6 MB/s (37666 bytes in 0.004s)
UI hierchary dumped to: /sdcard/rs_ui.xml
/sdcard/rs_ui.xml: 1 file pulled, 0 skipped. 1.8 MB/s (6000 bytes in 0.003s)
UI hierchary dumped to: /sdcard/rs_ui.xml
/sdcard/rs_ui.xml: 1 file pulled, 0 skipped. 1.9 MB/s (5999 bytes in 0.003s)
UI hierchary dumped to: /sdcard/rs_ui.xml
/sdcard/rs_ui.xml: 1 file pulled, 0 skipped. 2.2 MB/s (5984 bytes in 0.003s)
UI hierchary dumped to: /sdcard/rs_ui.xml
/sdcard/rs_ui.xml: 1 file pulled, 0 skipped. 1.1 MB/s (6003 bytes in 0.005s)
Traceback (most recent call last):
  File "/Users/jazimsaeed/Ora-app/mobile/.e2e_artifacts/remote_staging_two_actor_e2e.py", line 365, in <module>
    main()
    ~~~~^^
  File "/Users/jazimsaeed/Ora-app/mobile/.e2e_artifacts/remote_staging_two_actor_e2e.py", line 309, in main
    passenger_create_ride()
    ~~~~~~~~~~~~~~~~~~~~~^^
  File "/Users/jazimsaeed/Ora-app/mobile/.e2e_artifacts/remote_staging_two_actor_e2e.py", line 158, in passenger_create_ride
    t = dump(P, "p_conf")
  File "/Users/jazimsaeed/Ora-app/mobile/.e2e_artifacts/remote_staging_two_actor_e2e.py", line 34, in dump
    shell(dev, "uiautomator", "dump", "/sdcard/rs_ui.xml")
    ~~~~~^^^^^^^^^^^^^^^^^^^^^^^^^^^^^^^^^^^^^^^^^^^^^^^^^
  File "/Users/jazimsaeed/Ora-app/mobile/.e2e_artifacts/remote_staging_two_actor_e2e.py", line 29, in shell
    subprocess.check_call(["adb", "-s", dev, "shell", *args])
    ~~~~~~~~~~~~~~~~~~~~~^^^^^^^^^^^^^^^^^^^^^^^^^^^^^^^^^^^^
  File "/opt/homebrew/Cellar/python@3.14/3.14.7/Frameworks/Python.framework/Versions/3.14/lib/python3.14/subprocess.py", line 420, in check_call
    raise CalledProcessError(retcode, cmd)
subprocess.CalledProcessError: Command '['adb', '-s', 'RF8R40ZQ1JH', 'shell', 'uiautomator', 'dump', '/sdcard/rs_ui.xml']' returned non-zero exit status 137.
