  bash arg: -p
  bash arg: com.ora.ora
  bash arg: -c
  bash arg: android.intent.category.LAUNCHER
  bash arg: 1
args: [-p, com.ora.ora, -c, android.intent.category.LAUNCHER, 1]
 arg: "-p"
 arg: "com.ora.ora"
 arg: "-c"
 arg: "android.intent.category.LAUNCHER"
 arg: "1"
data="com.ora.ora"
data="android.intent.category.LAUNCHER"
Events injected: 1
## Network stats: elapsed time=41ms (0ms mobile, 0ms wifi, 41ms not connected)
UI hierchary dumped to: /sdcard/rs_ui.xml
/sdcard/rs_ui.xml: 1 file pulled, 0 skipped. 1.0 MB/s (2175 bytes in 0.002s)
UI hierchary dumped to: /sdcard/rs_ui.xml
/sdcard/rs_ui.xml: 1 file pulled, 0 skipped. 5.0 MB/s (12485 bytes in 0.002s)
UI hierchary dumped to: /sdcard/rs_ui.xml
/sdcard/rs_ui.xml: 1 file pulled, 0 skipped. 5.1 MB/s (12485 bytes in 0.002s)
UI hierchary dumped to: /sdcard/rs_ui.xml
/sdcard/rs_ui.xml: 1 file pulled, 0 skipped. 2.4 MB/s (4004 bytes in 0.002s)
UI hierchary dumped to: /sdcard/rs_ui.xml
/sdcard/rs_ui.xml: 1 file pulled, 0 skipped. 1.3 MB/s (4004 bytes in 0.003s)
UI hierchary dumped to: /sdcard/rs_ui.xml
/sdcard/rs_ui.xml: 1 file pulled, 0 skipped. 1.6 MB/s (4004 bytes in 0.002s)
UI hierchary dumped to: /sdcard/rs_ui.xml
/sdcard/rs_ui.xml: 1 file pulled, 0 skipped. 1.7 MB/s (4004 bytes in 0.002s)
UI hierchary dumped to: /sdcard/rs_ui.xml
/sdcard/rs_ui.xml: 1 file pulled, 0 skipped. 2.1 MB/s (4004 bytes in 0.002s)
UI hierchary dumped to: /sdcard/rs_ui.xml
/sdcard/rs_ui.xml: 1 file pulled, 0 skipped. 1.8 MB/s (4004 bytes in 0.002s)
UI hierchary dumped to: /sdcard/rs_ui.xml
/sdcard/rs_ui.xml: 1 file pulled, 0 skipped. 1.9 MB/s (4004 bytes in 0.002s)
UI hierchary dumped to: /sdcard/rs_ui.xml
/sdcard/rs_ui.xml: 1 file pulled, 0 skipped. 2.0 MB/s (4004 bytes in 0.002s)
UI hierchary dumped to: /sdcard/rs_ui.xml
/sdcard/rs_ui.xml: 1 file pulled, 0 skipped. 1.5 MB/s (4004 bytes in 0.002s)
UI hierchary dumped to: /sdcard/rs_ui.xml
/sdcard/rs_ui.xml: 1 file pulled, 0 skipped. 1.6 MB/s (4004 bytes in 0.002s)
UI hierchary dumped to: /sdcard/rs_ui.xml
/sdcard/rs_ui.xml: 1 file pulled, 0 skipped. 2.0 MB/s (4004 bytes in 0.002s)
UI hierchary dumped to: /sdcard/rs_ui.xml
/sdcard/rs_ui.xml: 1 file pulled, 0 skipped. 2.5 MB/s (4004 bytes in 0.002s)
UI hierchary dumped to: /sdcard/rs_ui.xml
/sdcard/rs_ui.xml: 1 file pulled, 0 skipped. 1.6 MB/s (4004 bytes in 0.002s)
UI hierchary dumped to: /sdcard/rs_ui.xml
/sdcard/rs_ui.xml: 1 file pulled, 0 skipped. 2.3 MB/s (4004 bytes in 0.002s)
UI hierchary dumped to: /sdcard/rs_ui.xml
/sdcard/rs_ui.xml: 1 file pulled, 0 skipped. 2.2 MB/s (4004 bytes in 0.002s)
UI hierchary dumped to: /sdcard/rs_ui.xml
/sdcard/rs_ui.xml: 1 file pulled, 0 skipped. 1.9 MB/s (4004 bytes in 0.002s)
UI hierchary dumped to: /sdcard/rs_ui.xml
/sdcard/rs_ui.xml: 1 file pulled, 0 skipped. 0.8 MB/s (4004 bytes in 0.005s)
UI hierchary dumped to: /sdcard/rs_ui.xml
/sdcard/rs_ui.xml: 1 file pulled, 0 skipped. 1.6 MB/s (4004 bytes in 0.002s)
UI hierchary dumped to: /sdcard/rs_ui.xml
/sdcard/rs_ui.xml: 1 file pulled, 0 skipped. 1.3 MB/s (4004 bytes in 0.003s)
UI hierchary dumped to: /sdcard/rs_ui.xml
/sdcard/rs_ui.xml: 1 file pulled, 0 skipped. 1.4 MB/s (4004 bytes in 0.003s)
UI hierchary dumped to: /sdcard/rs_ui.xml
/sdcard/rs_ui.xml: 1 file pulled, 0 skipped. 2.2 MB/s (4004 bytes in 0.002s)
UI hierchary dumped to: /sdcard/rs_ui.xml
/sdcard/rs_ui.xml: 1 file pulled, 0 skipped. 1.8 MB/s (4004 bytes in 0.002s)
UI hierchary dumped to: /sdcard/rs_ui.xml
/sdcard/rs_ui.xml: 1 file pulled, 0 skipped. 1.8 MB/s (4004 bytes in 0.002s)
  bash arg: -p
  bash arg: com.ora.ora
  bash arg: -c
  bash arg: android.intent.category.LAUNCHER
  bash arg: 1
args: [-p, com.ora.ora, -c, android.intent.category.LAUNCHER, 1]
 arg: "-p"
 arg: "com.ora.ora"
 arg: "-c"
 arg: "android.intent.category.LAUNCHER"
 arg: "1"
data="com.ora.ora"
data="android.intent.category.LAUNCHER"
Events injected: 1
## Network stats: elapsed time=62ms (0ms mobile, 0ms wifi, 62ms not connected)
UI hierchary dumped to: /sdcard/rs_ui.xml
/sdcard/rs_ui.xml: 1 file pulled, 0 skipped. 1.6 MB/s (5283 bytes in 0.003s)
UI hierchary dumped to: /sdcard/rs_ui.xml
/sdcard/rs_ui.xml: 1 file pulled, 0 skipped. 3.4 MB/s (11597 bytes in 0.003s)
UI hierchary dumped to: /sdcard/rs_ui.xml
/sdcard/rs_ui.xml: 1 file pulled, 0 skipped. 3.2 MB/s (11597 bytes in 0.003s)
UI hierchary dumped to: /sdcard/rs_ui.xml
/sdcard/rs_ui.xml: 1 file pulled, 0 skipped. 2.9 MB/s (11597 bytes in 0.004s)
UI hierchary dumped to: /sdcard/rs_ui.xml
/sdcard/rs_ui.xml: 1 file pulled, 0 skipped. 2.7 MB/s (9941 bytes in 0.003s)
UI hierchary dumped to: /sdcard/rs_ui.xml
/sdcard/rs_ui.xml: 1 file pulled, 0 skipped. 4.0 MB/s (9941 bytes in 0.002s)
UI hierchary dumped to: /sdcard/rs_ui.xml
/sdcard/rs_ui.xml: 1 file pulled, 0 skipped. 2.9 MB/s (10375 bytes in 0.003s)
UI hierchary dumped to: /sdcard/rs_ui.xml
/sdcard/rs_ui.xml: 1 file pulled, 0 skipped. 2.6 MB/s (9943 bytes in 0.004s)
UI hierchary dumped to: /sdcard/rs_ui.xml
/sdcard/rs_ui.xml: 1 file pulled, 0 skipped. 2.4 MB/s (7828 bytes in 0.003s)
UI hierchary dumped to: /sdcard/rs_ui.xml
/sdcard/rs_ui.xml: 1 file pulled, 0 skipped. 2.4 MB/s (6822 bytes in 0.003s)
UI hierchary dumped to: /sdcard/rs_ui.xml
/sdcard/rs_ui.xml: 1 file pulled, 0 skipped. 2.3 MB/s (7981 bytes in 0.003s)
UI hierchary dumped to: /sdcard/rs_ui.xml
/sdcard/rs_ui.xml: 1 file pulled, 0 skipped. 1.8 MB/s (7981 bytes in 0.004s)
UI hierchary dumped to: /sdcard/rs_ui.xml
/sdcard/rs_ui.xml: 1 file pulled, 0 skipped. 1.8 MB/s (10410 bytes in 0.006s)
UI hierchary dumped to: /sdcard/rs_ui.xml
/sdcard/rs_ui.xml: 1 file pulled, 0 skipped. 2.3 MB/s (10410 bytes in 0.004s)
UI hierchary dumped to: /sdcard/rs_ui.xml
/sdcard/rs_ui.xml: 1 file pulled, 0 skipped. 1.7 MB/s (6085 bytes in 0.003s)
UI hierchary dumped to: /sdcard/rs_ui.xml
/sdcard/rs_ui.xml: 1 file pulled, 0 skipped. 1.4 MB/s (6087 bytes in 0.004s)
{
  "gates": {
    "auth_driver": "GREEN",
    "driver_ready": "PASS",
    "auth_passenger": "GREEN",
    "passenger_pricing": "PASS",
    "ride_creation": "PASS"
  },
  "timings": {
    "pricing_s": 0.0
  },
  "rideId": "b4354067-2aa5-46cb-8d6d-d598e412f234",
  "offerId": null,
  "started": "2026-09-29T08:27:57.161566+00:00",
  "passenger_device": "RF8R40ZQ1JH",
  "driver_device": "emulator-5554",
  "remote_api": "https://ora-auth-service-staging-2zmxvrrs7a-uc.a.run.app/v1",
  "backend_proof": {
    "state": "EXPIRED",
    "requestVersion": 1,
    "pricingSnapshotId": "ps_7156f6e8-099c-4e56-8403-f30ca342961c",
    "passengerOfferMinor": 31000,
    "assignedDriverId": null,
    "expiresAt": "2026-09-29T06:10:38.459Z"
  },
  "error": "bad ride after create: EXPIRED",
  "finished": "2026-09-29T08:31:42.148267+00:00"
}
